Microchip MPLAB XC8 Compiler V3.00

Linker command line:

-W-3 \
  --edf=C:/Program Files/Microchip/MPLABX/v6.25/packs/Microchip/PIC18F-K_DFP/1.14.301/xc8\pic\dat\20241213203129_en.msgs \
  -pivt0x8=08h -cn -h+dist/default/debug\STI3958.X.debug.sym \
  --cmf=dist/default/debug\STI3958.X.debug.cmf -z -Q18F26K42 \
  -oC:\Users\maserne.SSE\AppData\Local\Temp\xcAs11rs.\driver_tmp_3.o \
  --defsym=__MPLAB_BUILD=1 --fixupoverflow=error \
  -Mdist/default/debug/STI3958.X.debug.map \
  --md=C:\Users\maserne.SSE\AppData\Local\Temp\xcAs11rs.\driver_tmp_0.dat \
  -E1 -ver=XC8 Compiler -ACODE=00h-0FFFFh -ACONST=00h-0FFFFh \
  -ASMALLCONST=01000h-010FFhx240 -AMEDIUMCONST=01000h-0FFFFh \
  -ACOMRAM=01h-05Fh -AABS1=00h-0FFFh -ABIGRAM=01h-0FFFh \
  -ARAM=060h-0FFh,0100h-01FFhx15 -ABANK0=060h-0FFh -ABANK1=0100h-01FFh \
  -ABANK2=0200h-02FFh -ABANK3=0300h-03FFh -ABANK4=0400h-04FFh \
  -ABANK5=0500h-05FFh -ABANK6=0600h-06FFh -ABANK7=0700h-07FFh \
  -ABANK8=0800h-08FFh -ABANK9=0900h-09FFh -ABANK10=0A00h-0AFFh \
  -ABANK11=0B00h-0BFFh -ABANK12=0C00h-0CFFh -ABANK13=0D00h-0DFFh \
  -ABANK14=0E00h-0EFFh -ABANK15=0F00h-0FFFh \
  -ASFR=03800h-038FFhx7,03F00h-03F5Fh,03F60h-03FFFh -ABIGSFR=03800h-03FFFh \
  -ACONFIG=0300000h-0300009h -AIDLOC=0200000h-020000Fh \
  -AEEDATA=0310000h-03103FFh -peeprom_data=EEDATA -preset_vec=00h \
  -ppowerup=CODE,init -pramtop=01000h -psmallconst=SMALLCONST \
  -pmediumconst=MEDIUMCONST -pconst=CONST -AFARRAM=00h-00h \
  -prdata=COMRAM,nvrram=COMRAM,nvbit=COMRAM,rbss=COMRAM,rbit=COMRAM \
  -pfarbss=FARRAM,fardata=FARRAM,nvFARRAM=FARRAM \
  -pintsave_regs=BIGRAM,bigbss=BIGRAM,bigdata=BIGRAM -pbss=RAM \
  -pidata=CODE,irdata=CODE,ibigdata=CODE,ifardata=CODE -prparam=COMRAM \
  C:\Users\maserne.SSE\AppData\Local\Temp\xcAs11rs.\driver_tmp_14.o \
  dist/default/debug\STI3958.X.debug.o 

Object code version is 3.11

Machine type is 18F26K42



                Name                               Link     Load   Length Selector   Space Scale
C:\Users\maserne.SSE\AppData\Local\Temp\xcAs11rs.\driver_tmp_14.o
                config                           300000   300000        A        0       4
                init                                 1A       1A        4        4       0
                reset_vec                             0        0        6        0       0
dist/default/debug\STI3958.X.debug.o
                config                           300000   300000        A        0       4
                mediumconst                        FEEA     FEEA      116     7F75       0
                ivt0x8                                8        8       12        4       0
                text112                            6546     6546        6        4       0
                text111                            6540     6540        6        4       0
                text110                            6424     6424       1C        4       0
                text109                            63EA     63EA       1E        4       0
                text108                            649C     649C       16        4       0
                text107                            6250     6250       34        4       0
                text106                            5D08     5D08       56        4       0
                text105                            63CA     63CA       20        4       0
                text104                            58A8     58A8       72        4       0
                text103                            652A     652A        A        4       0
                text102                            6486     6486       16        4       0
                text101                            653A     653A        6        4       0
                text100                            2C20     2C20      390        4       0
                text99                             2444     2444      44A        4       0
                text98                             415C     415C      1B4        4       0
                text97                             569E     569E       98        4       0
                text96                             5126     5126       C2        4       0
                text95                             5352     5352       AE        4       0
                text94                             5558     5558       AA        4       0
                text93                             475E     475E      104        4       0
                text92                             61E2     61E2       38        4       0
                text91                             1B42     1B42      4B6        4       0
                text90                             5F62     5F62       46        4       0
                text89                             4658     4658      106        4       0
                text88                             4962     4962       FE        4       0
                text87                             3D92     3D92      212        4       0
                text86                             5CB2     5CB2       56        4       0
                text85                             5AFC     5AFC       5A        4       0
                text84                             6556     6556        2        4       0
                text83                             4E00     4E00       D8        4       0
                text82                             5FEC     5FEC       44        4       0
                text81                             591A     591A       6E        4       0
                text80                             5FA8     5FA8       44        4       0
                text79                              B5C      B5C      B2E        4       0
                text78                             4B56     4B56       F4        4       0
                text77                             38A2     38A2      2DA        4       0
                text76                             5C5C     5C5C       56        4       0
                text75                             5DFC     5DFC       4A        4       0
                text74                             32DA     32DA      2EC        4       0
                text73                             59E6     59E6       5E        4       0
                text72                             6554     6554        2        4       0
                text71                             62E8     62E8       32        4       0
                text70                             4310     4310      13A        4       0
                text69                             6552     6552        2        4       0
                text68                             62B6     62B6       32        4       0
                text67                             61A8     61A8       3A        4       0
                text66                             6386     6386       24        4       0
                text65                             6470     6470       16        4       0
                text64                             64B2     64B2       14        4       0
                text63                             5064     5064       C2        4       0
                text62                             51E8     51E8       BA        4       0
                text61                             4ED8     4ED8       C8        4       0
                text60                             54AC     54AC       AC        4       0
                text59                             6362     6362       24        4       0
                text58                             6550     6550        2        4       0
                text57                             6284     6284       32        4       0
                text56                             6130     6130       3E        4       0
                text55                             5F1C     5F1C       46        4       0
                text54                             5DAE     5DAE       4E        4       0
                text53                             654E     654E        2        4       0
                text52                             60F2     60F2       3E        4       0
                text51                             4C4A     4C4A       DC        4       0
                text50                             6408     6408       1C        4       0
                text49                             633E     633E       24        4       0
                text48                             6440     6440       1A        4       0
                text47                             621A     621A       36        4       0
                text46                             5988     5988       5E        4       0
                text45                             631A     631A       24        4       0
                text44                             57C2     57C2       74        4       0
                text43                             64D8     64D8        C        4       0
                text42                             63AA     63AA       20        4       0
                text41                             6534     6534        6        4       0
                text40                             288E     288E      392        4       0
                text39                             1FF8     1FF8      44C        4       0
                text38                             3FA4     3FA4      1B8        4       0
                text37                             5602     5602       9C        4       0
                text36                             4FA0     4FA0       C4        4       0
                text35                             52A2     52A2       B0        4       0
                text34                             5400     5400       AC        4       0
                text33                             4552     4552      106        4       0
                text32                             616E     616E       3A        4       0
                text31                             168A     168A      4B8        4       0
                text30                             5E8E     5E8E       48        4       0
                text29                             444A     444A      108        4       0
                text28                             4862     4862      100        4       0
                text27                             3B7C     3B7C      216        4       0
                text26                             5BAE     5BAE       58        4       0
                text25                             5AA0     5AA0       5C        4       0
                text24                             654C     654C        2        4       0
                text23                             4D26     4D26       DA        4       0
                text22                             5E46     5E46       48        4       0
                text21                             5836     5836       72        4       0
                text20                             5ED6     5ED6       46        4       0
                text19                               1E       1E      B3E        4       0
                text18                             4A60     4A60       F6        4       0
                text17                             35C6     35C6      2DC        4       0
                text16                             5B56     5B56       58        4       0
                text15                             5D5E     5D5E       50        4       0
                text14                             2FB0     2FB0      32A        4       0
                text13                             5A44     5A44       5C        4       0
                text12                             64C6     64C6       12        4       0
                text11                             6520     6520        A        4       0
                text10                             6516     6516        A        4       0
                text9                              650C     650C        A        4       0
                text8                              60B2     60B2       40        4       0
                text7                              6502     6502        A        4       0
                text6                              64F8     64F8        A        4       0
                text5                              64EE     64EE        A        4       0
                text4                              5736     5736       8C        4       0
                text3                              6030     6030       42        4       0
                text2                              645A     645A       16        4       0
                text1                              64E4     64E4        A        4       0
                text0                              5C06     5C06       56        4       0
                cstackCOMRAM                          1        1       5D        1       1
                cstackBANK0                          60       60       75       60       1
                cstackBANK1                         100      100       D6      100       1
                bssBIGRAM                           250      250      1B0      250       1
                bssBANK2                            200      200       50      200       1
                bssBANK0                             D5       D5       18       60       1
                bssCOMRAM                            5E       5E        1        1       1
                cinit                              6072     6072       40        4       0
                nvBANK1                             1D6      1D6        2      100       1
                nvBANK0                              ED       ED        E       60       1

TOTAL           Name                               Link     Load   Length     Space
        CLASS   CODE           
                init                                 1A       1A        4         0
                reset_vec                             0        0        6         0
                ivt0x8                                8        8       12         0
                text112                            6546     6546        6         0
                text111                            6540     6540        6         0
                text110                            6424     6424       1C         0
                text109                            63EA     63EA       1E         0
                text108                            649C     649C       16         0
                text107                            6250     6250       34         0
                text106                            5D08     5D08       56         0
                text105                            63CA     63CA       20         0
                text104                            58A8     58A8       72         0
                text103                            652A     652A        A         0
                text102                            6486     6486       16         0
                text101                            653A     653A        6         0
                text100                            2C20     2C20      390         0
                text99                             2444     2444      44A         0
                text98                             415C     415C      1B4         0
                text97                             569E     569E       98         0
                text96                             5126     5126       C2         0
                text95                             5352     5352       AE         0
                text94                             5558     5558       AA         0
                text93                             475E     475E      104         0
                text92                             61E2     61E2       38         0
                text91                             1B42     1B42      4B6         0
                text90                             5F62     5F62       46         0
                text89                             4658     4658      106         0
                text88                             4962     4962       FE         0
                text87                             3D92     3D92      212         0
                text86                             5CB2     5CB2       56         0
                text85                             5AFC     5AFC       5A         0
                text84                             6556     6556        2         0
                text83                             4E00     4E00       D8         0
                text82                             5FEC     5FEC       44         0
                text81                             591A     591A       6E         0
                text80                             5FA8     5FA8       44         0
                text79                              B5C      B5C      B2E         0
                text78                             4B56     4B56       F4         0
                text77                             38A2     38A2      2DA         0
                text76                             5C5C     5C5C       56         0
                text75                             5DFC     5DFC       4A         0
                text74                             32DA     32DA      2EC         0
                text73                             59E6     59E6       5E         0
                text72                             6554     6554        2         0
                text71                             62E8     62E8       32         0
                text70                             4310     4310      13A         0
                text69                             6552     6552        2         0
                text68                             62B6     62B6       32         0
                text67                             61A8     61A8       3A         0
                text66                             6386     6386       24         0
                text65                             6470     6470       16         0
                text64                             64B2     64B2       14         0
                text63                             5064     5064       C2         0
                text62                             51E8     51E8       BA         0
                text61                             4ED8     4ED8       C8         0
                text60                             54AC     54AC       AC         0
                text59                             6362     6362       24         0
                text58                             6550     6550        2         0
                text57                             6284     6284       32         0
                text56                             6130     6130       3E         0
                text55                             5F1C     5F1C       46         0
                text54                             5DAE     5DAE       4E         0
                text53                             654E     654E        2         0
                text52                             60F2     60F2       3E         0
                text51                             4C4A     4C4A       DC         0
                text50                             6408     6408       1C         0
                text49                             633E     633E       24         0
                text48                             6440     6440       1A         0
                text47                             621A     621A       36         0
                text46                             5988     5988       5E         0
                text45                             631A     631A       24         0
                text44                             57C2     57C2       74         0
                text43                             64D8     64D8        C         0
                text42                             63AA     63AA       20         0
                text41                             6534     6534        6         0
                text40                             288E     288E      392         0
                text39                             1FF8     1FF8      44C         0
                text38                             3FA4     3FA4      1B8         0
                text37                             5602     5602       9C         0
                text36                             4FA0     4FA0       C4         0
                text35                             52A2     52A2       B0         0
                text34                             5400     5400       AC         0
                text33                             4552     4552      106         0
                text32                             616E     616E       3A         0
                text31                             168A     168A      4B8         0
                text30                             5E8E     5E8E       48         0
                text29                             444A     444A      108         0
                text28                             4862     4862      100         0
                text27                             3B7C     3B7C      216         0
                text26                             5BAE     5BAE       58         0
                text25                             5AA0     5AA0       5C         0
                text24                             654C     654C        2         0
                text23                             4D26     4D26       DA         0
                text22                             5E46     5E46       48         0
                text21                             5836     5836       72         0
                text20                             5ED6     5ED6       46         0
                text19                               1E       1E      B3E         0
                text18                             4A60     4A60       F6         0
                text17                             35C6     35C6      2DC         0
                text16                             5B56     5B56       58         0
                text15                             5D5E     5D5E       50         0
                text14                             2FB0     2FB0      32A         0
                text13                             5A44     5A44       5C         0
                text12                             64C6     64C6       12         0
                text11                             6520     6520        A         0
                text10                             6516     6516        A         0
                text9                              650C     650C        A         0
                text8                              60B2     60B2       40         0
                text7                              6502     6502        A         0
                text6                              64F8     64F8        A         0
                text5                              64EE     64EE        A         0
                text4                              5736     5736       8C         0
                text3                              6030     6030       42         0
                text2                              645A     645A       16         0
                text1                              64E4     64E4        A         0
                text0                              5C06     5C06       56         0
                cinit                              6072     6072       40         0

        CLASS   CONST          

        CLASS   SMALLCONST     

        CLASS   MEDIUMCONST    
                mediumconst                        FEEA     FEEA      116         0

        CLASS   COMRAM         
                cstackCOMRAM                          1        1       5D         1
                bssCOMRAM                            5E       5E        1         1

        CLASS   ABS1           

        CLASS   BIGRAM         
                bssBIGRAM                           250      250      1B0         1

        CLASS   RAM            

        CLASS   BANK0          
                cstackBANK0                          60       60       75         1
                bssBANK0                             D5       D5       18         1
                nvBANK0                              ED       ED        E         1

        CLASS   BANK1          
                cstackBANK1                         100      100       D6         1
                nvBANK1                             1D6      1D6        2         1

        CLASS   BANK2          
                bssBANK2                            200      200       50         1

        CLASS   BANK3          

        CLASS   BANK4          

        CLASS   BANK5          

        CLASS   BANK6          

        CLASS   BANK7          

        CLASS   BANK8          

        CLASS   BANK9          

        CLASS   BANK10         

        CLASS   BANK11         

        CLASS   BANK12         

        CLASS   BANK13         

        CLASS   BANK14         

        CLASS   BANK15         

        CLASS   SFR            

        CLASS   BIGSFR         

        CLASS   CONFIG         
                config                           300000   300000        A         4

        CLASS   IDLOC          

        CLASS   EEDATA         

        CLASS   FARRAM         

        CLASS   HEAP           

        CLASS   STACK          



SEGMENTS        Name                           Load    Length   Top    Selector   Space  Class

                reset_vec                      000000  000006  000006         0       0  CODE    
                cstackCOMRAM                   000001  00005E  00005F         1       1  COMRAM  
                ivt0x8                         000008  006550  006558         4       0  CODE    
                cstackBANK0                    000060  00009B  0000FB        60       1  BANK0   
                cstackBANK1                    000100  0000D8  0001D8       100       1  BANK1   
                bssBANK2                       000200  000050  000250       200       1  BANK2   
                bssBIGRAM                      000250  0001B0  000400       250       1  BIGRAM  
                mediumconst                    00FEEA  000116  010000      7F75       0  MEDIUMCO


UNUSED ADDRESS RANGES

        Name                Unused          Largest block    Delta
        BANK0            0000FB-0000FF                5
        BANK1            0001D8-0001FF               28
        BANK10           000A00-000AFF              100
        BANK11           000B00-000BFF              100
        BANK12           000C00-000CFF              100
        BANK13           000D00-000DFF              100
        BANK14           000E00-000EFF              100
        BANK15           000F00-000FFF              100
        BANK4            000400-0004FF              100
        BANK5            000500-0005FF              100
        BANK6            000600-0006FF              100
        BANK7            000700-0007FF              100
        BANK8            000800-0008FF              100
        BANK9            000900-0009FF              100
        BIGRAM           00005F-00005F                1
                         0000FB-0000FF                5
                         0001D8-0001FF               28
                         000400-000FFF              C00
        BIGSFR           003800-003FFF              800
        CODE             000006-000007                2
                         006558-00FEE9             9992
        COMRAM           00005F-00005F                1
        CONST            000006-000007                2
                         006558-00FEE9             9992
        EEDATA           310000-3103FF              400
        IDLOC            200000-20000F               10
        MEDIUMCONST      006558-00FEE9             9992
        RAM              0000FB-0000FF                5
                         0001D8-0001FF               28
                         000400-000FFF              100
        SFR              003800-003FFF              100
        SMALLCONST       006558-00FEE9              100

                                  Symbol Table

?_ADC_ConversionResultGet                     cstackBANK1  000106
?___awdiv                                     cstackBANK1  000106
?___awmod                                     cstackBANK1  000106
?___fladd                                     cstackBANK1  000106
?___fldiv                                     cstackBANK1  00012D
?___flmul                                     cstackBANK1  000114
?___flneg                                     cstackBANK1  000106
?___flsub                                     cstackBANK1  00012D
?___fltol                                     cstackBANK1  000150
?___fpclassifyf                               cstackBANK1  000106
?___xxtofl                                    cstackBANK1  000106
?_floorf                                      cstackBANK1  000146
?_labs                                        cstackBANK1  000106
?_lire_tension                                cstackBANK1  000146
?_read_prec_or_width                          cstackBANK1  000106
?_sprintf                                     cstackBANK1  0001A9
?_vfprintf                                    cstackBANK1  0001A1
?i2_ADC_ConversionResultGet                   cstackCOMRAM 000001
?i2___awdiv                                   cstackCOMRAM 000001
?i2___awmod                                   cstackCOMRAM 000001
?i2___fladd                                   cstackCOMRAM 000001
?i2___fldiv                                   cstackCOMRAM 000028
?i2___flmul                                   cstackCOMRAM 00000F
?i2___flneg                                   cstackCOMRAM 000001
?i2___flsub                                   cstackCOMRAM 000028
?i2___fltol                                   cstackCOMRAM 00004B
?i2___fpclassifyf                             cstackCOMRAM 000001
?i2___xxtofl                                  cstackCOMRAM 000001
?i2_floorf                                    cstackCOMRAM 000041
?i2_labs                                      cstackCOMRAM 000001
?i2_lire_tension                              cstackCOMRAM 000041
?i2_read_prec_or_width                        cstackCOMRAM 000001
?i2_sprintf                                   cstackBANK0  0000A6
?i2_vfprintf                                  cstackBANK0  00009E
ADC_ChannelSelect@channel                     cstackBANK1  000106
BP1_SetInterruptHandler@InterruptHandler      cstackBANK1  000106
BP2_SetInterruptHandler@InterruptHandler      cstackBANK1  000106
BP3_SetInterruptHandler@InterruptHandler      cstackBANK1  000106
INT0_SetInterruptHandler@InterruptHandler     cstackBANK1  000106
INT1_SetInterruptHandler@InterruptHandler     cstackBANK1  000106
INT2_SetInterruptHandler@InterruptHandler     cstackBANK1  000106
IVTBASEH                                      (abs)        003FD6
IVTBASEL                                      (abs)        003FD5
IVTBASEU                                      (abs)        003FD7
LCD_Char@data                                 cstackBANK1  000107
LCD_Command@cmd                               cstackBANK1  000107
LCD_SetCursor@F16382                          mediumconst  00FF03
LCD_SetCursor@column                          cstackBANK1  000108
LCD_SetCursor@row                             cstackBANK1  00010D
LCD_SetCursor@row_offsets                     cstackBANK1  000109
LCD_String@str                                cstackBANK1  000108
LCD_UpdateMenu@buffer                         cstackBANK1  0001C0
LCD_UpdateMenu@courant                        cstackBANK1  0001D4
LCD_UpdateMenu@tension                        cstackBANK1  0001D0
TMR1_CounterSet@onState                       cstackCOMRAM 000003
TMR1_CounterSet@timerVal                      cstackCOMRAM 000001
TMR1_OverflowCallbackRegister@CallbackHandler cstackBANK1  000106
TMR1_handler@timer_1s                         bssBANK0     0000E1
_ADACCH                                       (abs)        003EE9
_ADACCL                                       (abs)        003EE8
_ADACCU                                       (abs)        003EEA
_ADACQH                                       (abs)        003EF4
_ADACQL                                       (abs)        003EF3
_ADACT                                        (abs)        003EFE
_ADCAP                                        (abs)        003EF5
_ADCLK                                        (abs)        003EFF
_ADCNT                                        (abs)        003EEB
_ADCON0                                       (abs)        003EF8
_ADCON0bits                                   (abs)        003EF8
_ADCON1                                       (abs)        003EF9
_ADCON1bits                                   (abs)        003EF9
_ADCON2                                       (abs)        003EFA
_ADCON2bits                                   (abs)        003EFA
_ADCON3                                       (abs)        003EFB
_ADCON3bits                                   (abs)        003EFB
_ADCP                                         (abs)        003ED7
_ADCPbits                                     (abs)        003ED7
_ADC_ChannelSelect                            text43       0064D8
_ADC_ConversionDoneCallback                   bssBANK0     0000E7
_ADC_ConversionResultGet                      text42       0063AA
_ADC_ConversionStart                          text41       006534
_ADC_ISR                                      text112      006546
_ADC_Initialize                               text13       005A44
_ADC_ThresholdCallback                        bssBANK0     0000E5
_ADC_ThresholdISR                             text111      006540
_ADERRH                                       (abs)        003EE3
_ADERRL                                       (abs)        003EE2
_ADFLTRH                                      (abs)        003EE7
_ADFLTRL                                      (abs)        003EE6
_ADLTHH                                       (abs)        003EDF
_ADLTHL                                       (abs)        003EDE
_ADPCH                                        (abs)        003EF1
_ADPREH                                       (abs)        003EF7
_ADPREL                                       (abs)        003EF6
_ADPREVH                                      (abs)        003EEE
_ADPREVL                                      (abs)        003EED
_ADREF                                        (abs)        003EFD
_ADRESH                                       (abs)        003EF0
_ADRESL                                       (abs)        003EEF
_ADRPT                                        (abs)        003EEC
_ADSTAT                                       (abs)        003EFC
_ADSTATbits                                   (abs)        003EFC
_ADSTPTH                                      (abs)        003EE5
_ADSTPTL                                      (abs)        003EE4
_ADUTHH                                       (abs)        003EE1
_ADUTHL                                       (abs)        003EE0
_ANSELA                                       (abs)        003A40
_ANSELB                                       (abs)        003A50
_ANSELC                                       (abs)        003A60
_BP1_DefaultInterruptHandler                  text72       006554
_BP1_ISR                                      text71       0062E8
_BP1_InterruptHandler                         nvBANK0      0000F9
_BP1_SetInterruptHandler                      text7        006502
_BP2_DefaultInterruptHandler                  text69       006552
_BP2_ISR                                      text68       0062B6
_BP2_InterruptHandler                         nvBANK0      0000F7
_BP2_SetInterruptHandler                      text6        0064F8
_BP3_DefaultInterruptHandler                  text58       006550
_BP3_ISR                                      text57       006284
_BP3_InterruptHandler                         nvBANK0      0000F5
_BP3_SetInterruptHandler                      text5        0064EE
_CLOCK_Initialize                             text12       0064C6
_COLORS_TAB                                   mediumconst  00FEEB
_INLVLA                                       (abs)        003A44
_INLVLB                                       (abs)        003A54
_INLVLC                                       (abs)        003A64
_INLVLE                                       (abs)        003A84
_INT0_DefaultInterruptHandler                 (abs)        000000
_INT0_InterruptHandler                        nvBANK0      0000F3
_INT0_SetInterruptHandler                     text11       006520
_INT1_DefaultInterruptHandler                 (abs)        000000
_INT1_InterruptHandler                        nvBANK0      0000F1
_INT1_SetInterruptHandler                     text10       006516
_INT2_DefaultInterruptHandler                 (abs)        000000
_INT2_InterruptHandler                        nvBANK0      0000EF
_INT2_SetInterruptHandler                     text9        00650C
_INTCON0bits                                  (abs)        003FD2
_INTERRUPT_Initialize                         text8        0060B2
_INTERRUPT_InterruptManager                   text51       004C4A
_IOCAF                                        (abs)        003A47
_IOCAFbits                                    (abs)        003A47
_IOCAN                                        (abs)        003A46
_IOCAP                                        (abs)        003A45
_IOCBF                                        (abs)        003A57
_IOCBN                                        (abs)        003A56
_IOCBP                                        (abs)        003A55
_IOCCF                                        (abs)        003A67
_IOCCN                                        (abs)        003A66
_IOCCP                                        (abs)        003A65
_IOCEF                                        (abs)        003A87
_IOCEN                                        (abs)        003A86
_IOCEP                                        (abs)        003A85
_LATA                                         (abs)        003FBA
_LATAbits                                     (abs)        003FBA
_LATB                                         (abs)        003FBB
_LATBbits                                     (abs)        003FBB
_LATC                                         (abs)        003FBC
_LCD_Char                                     text45       00631A
_LCD_Clear                                    text48       006440
_LCD_Command                                  text49       00633E
_LCD_EnablePulse                              text50       006408
_LCD_Init                                     text47       00621A
_LCD_SetCursor                                text46       005988
_LCD_String                                   text44       0057C2
_LCD_UpdateMenu                               text14       002FB0
_ODCONA                                       (abs)        003A42
_ODCONB                                       (abs)        003A52
_ODCONC                                       (abs)        003A62
_OSCCON1                                      (abs)        0039D9
_OSCCON3                                      (abs)        0039DB
_OSCEN                                        (abs)        0039DD
_OSCFRQ                                       (abs)        0039DF
_OSCTUNE                                      (abs)        0039DE
_PIE0bits                                     (abs)        003990
_PIE1bits                                     (abs)        003991
_PIE4bits                                     (abs)        003994
_PIN_MANAGER_IOC                              text56       006130
_PIN_MANAGER_Initialize                       text4        005736
_PIR0bits                                     (abs)        0039A0
_PIR1bits                                     (abs)        0039A1
_PIR4bits                                     (abs)        0039A4
_PIR5bits                                     (abs)        0039A5
_PIR7bits                                     (abs)        0039A7
_RB1I2C                                       (abs)        003A5A
_RB2I2C                                       (abs)        003A5B
_RC3I2C                                       (abs)        003A6A
_RC4I2C                                       (abs)        003A6B
_SLRCONA                                      (abs)        003A43
_SLRCONB                                      (abs)        003A53
_SLRCONC                                      (abs)        003A63
_SYSTEM_Initialize                            text2        00645A
_T1CLK                                        (abs)        003FB5
_T1CON                                        (abs)        003FB2
_T1CONbits                                    (abs)        003FB2
_T1GATE                                       (abs)        003FB4
_T1GCON                                       (abs)        003FB3
_T1GCONbits                                   (abs)        003FB3
_TMR1H                                        (abs)        003FB1
_TMR1L                                        (abs)        003FB0
_TMR1_CounterSet                              text55       005F1C
_TMR1_DefaultGateCallback                     (abs)        000000
_TMR1_DefaultOverflowCallback                 text53       00654E
_TMR1_GateCallback                            nvBANK1      0001D6
_TMR1_Initialize                              text3        006030
_TMR1_OverflowCallback                        nvBANK0      0000ED
_TMR1_OverflowCallbackRegister                text1        0064E4
_TMR1_OverflowISR                             text52       0060F2
_TMR1_handler                                 text54       005DAE
_TRISA                                        (abs)        003FC2
_TRISAbits                                    (abs)        003FC2
_TRISB                                        (abs)        003FC3
_TRISBbits                                    (abs)        003FC3
_TRISC                                        (abs)        003FC4
_WPUA                                         (abs)        003A41
_WPUB                                         (abs)        003A51
_WPUC                                         (abs)        003A61
_WPUE                                         (abs)        003A81
__HRAM                                        (abs)        000000
__H__absolute__                               __absolute__ 000000
__Habs1                                       abs1         000000
__Hbank0                                      bank0        000000
__Hbank1                                      bank1        000000
__Hbank10                                     bank10       000000
__Hbank11                                     bank11       000000
__Hbank12                                     bank12       000000
__Hbank13                                     bank13       000000
__Hbank14                                     bank14       000000
__Hbank15                                     bank15       000000
__Hbank2                                      bank2        000000
__Hbank3                                      bank3        000000
__Hbank4                                      bank4        000000
__Hbank5                                      bank5        000000
__Hbank6                                      bank6        000000
__Hbank7                                      bank7        000000
__Hbank8                                      bank8        000000
__Hbank9                                      bank9        000000
__Hbigbss                                     bigbss       000000
__Hbigdata                                    bigdata      000000
__Hbigram                                     bigram       000000
__Hbigsfr                                     bigsfr       000000
__Hbss                                        bss          000000
__HbssBANK0                                   bssBANK0     000000
__HbssBANK2                                   bssBANK2     000000
__HbssBIGRAM                                  bssBIGRAM    000000
__HbssCOMRAM                                  bssCOMRAM    000000
__Hcinit                                      cinit        000000
__Hclrtext                                    clrtext      000000
__Hcomram                                     comram       000000
__Hconfig                                     config       30000A
__Hconst                                      const        000000
__HcstackBANK0                                cstackBANK0  000000
__HcstackBANK1                                cstackBANK1  000000
__HcstackCOMRAM                               cstackCOMRAM 000000
__Hdata                                       data         000000
__Heeprom_data                                eeprom_data  000000
__Hfarbss                                     farbss       000000
__Hfardata                                    fardata      000000
__Hheap                                       heap         000000
__Hibigdata                                   ibigdata     000000
__Hidata                                      idata        000000
__Hidloc                                      idloc        000000
__Hifardata                                   ifardata     000000
__Hinit                                       init         00001E
__Hintsave_regs                               intsave_regs 000000
__Hirdata                                     irdata       000000
__Hivt0x8                                     ivt0x8       00001A
__Hmediumconst                                mediumconst  010000
__HnvBANK0                                    nvBANK0      000000
__HnvBANK1                                    nvBANK1      000000
__HnvFARRAM                                   nvFARRAM     000000
__Hnvbit                                      nvbit        000000
__Hnvrram                                     nvrram       000000
__Hparam                                      rparam       000000
__Hpowerup                                    powerup      000000
__Hram                                        ram          000000
__Hramtop                                     ramtop       001000
__Hrbit                                       rbit         000000
__Hrbss                                       rbss         000000
__Hrdata                                      rdata        000000
__Hreset_vec                                  reset_vec    000006
__Hrparam                                     rparam       000000
__Hsfr                                        sfr          000000
__Hsmallconst                                 smallconst   000000
__Hspace_0                                    (abs)        010000
__Hspace_1                                    (abs)        000400
__Hspace_2                                    (abs)        000000
__Hspace_4                                    (abs)        60000A
__Hstack                                      stack        000000
__Hstruct                                     struct       000000
__Htemp                                       temp         000000
__Htext                                       text         000000
__Htext0                                      text0        000000
__Htext1                                      text1        000000
__Htext10                                     text10       000000
__Htext100                                    text100      000000
__Htext101                                    text101      000000
__Htext102                                    text102      000000
__Htext103                                    text103      000000
__Htext104                                    text104      000000
__Htext105                                    text105      000000
__Htext106                                    text106      000000
__Htext107                                    text107      000000
__Htext108                                    text108      000000
__Htext109                                    text109      000000
__Htext11                                     text11       000000
__Htext110                                    text110      000000
__Htext111                                    text111      000000
__Htext112                                    text112      000000
__Htext12                                     text12       000000
__Htext13                                     text13       000000
__Htext14                                     text14       000000
__Htext15                                     text15       000000
__Htext16                                     text16       000000
__Htext17                                     text17       000000
__Htext18                                     text18       000000
__Htext19                                     text19       000000
__Htext2                                      text2        000000
__Htext20                                     text20       000000
__Htext21                                     text21       000000
__Htext22                                     text22       000000
__Htext23                                     text23       000000
__Htext24                                     text24       000000
__Htext25                                     text25       000000
__Htext26                                     text26       000000
__Htext27                                     text27       000000
__Htext28                                     text28       000000
__Htext29                                     text29       000000
__Htext3                                      text3        000000
__Htext30                                     text30       000000
__Htext31                                     text31       000000
__Htext32                                     text32       000000
__Htext33                                     text33       000000
__Htext34                                     text34       000000
__Htext35                                     text35       000000
__Htext36                                     text36       000000
__Htext37                                     text37       000000
__Htext38                                     text38       000000
__Htext39                                     text39       000000
__Htext4                                      text4        000000
__Htext40                                     text40       000000
__Htext41                                     text41       000000
__Htext42                                     text42       000000
__Htext43                                     text43       000000
__Htext44                                     text44       000000
__Htext45                                     text45       000000
__Htext46                                     text46       000000
__Htext47                                     text47       000000
__Htext48                                     text48       000000
__Htext49                                     text49       000000
__Htext5                                      text5        000000
__Htext50                                     text50       000000
__Htext51                                     text51       000000
__Htext52                                     text52       000000
__Htext53                                     text53       000000
__Htext54                                     text54       000000
__Htext55                                     text55       000000
__Htext56                                     text56       000000
__Htext57                                     text57       000000
__Htext58                                     text58       000000
__Htext59                                     text59       000000
__Htext6                                      text6        000000
__Htext60                                     text60       000000
__Htext61                                     text61       000000
__Htext62                                     text62       000000
__Htext63                                     text63       000000
__Htext64                                     text64       000000
__Htext65                                     text65       000000
__Htext66                                     text66       000000
__Htext67                                     text67       000000
__Htext68                                     text68       000000
__Htext69                                     text69       000000
__Htext7                                      text7        000000
__Htext70                                     text70       000000
__Htext71                                     text71       000000
__Htext72                                     text72       000000
__Htext73                                     text73       000000
__Htext74                                     text74       000000
__Htext75                                     text75       000000
__Htext76                                     text76       000000
__Htext77                                     text77       000000
__Htext78                                     text78       000000
__Htext79                                     text79       000000
__Htext8                                      text8        000000
__Htext80                                     text80       000000
__Htext81                                     text81       000000
__Htext82                                     text82       000000
__Htext83                                     text83       000000
__Htext84                                     text84       000000
__Htext85                                     text85       000000
__Htext86                                     text86       000000
__Htext87                                     text87       000000
__Htext88                                     text88       000000
__Htext89                                     text89       000000
__Htext9                                      text9        000000
__Htext90                                     text90       000000
__Htext91                                     text91       000000
__Htext92                                     text92       000000
__Htext93                                     text93       000000
__Htext94                                     text94       000000
__Htext95                                     text95       000000
__Htext96                                     text96       000000
__Htext97                                     text97       000000
__Htext98                                     text98       000000
__Htext99                                     text99       000000
__LRAM                                        (abs)        000001
__L__absolute__                               __absolute__ 000000
__Labs1                                       abs1         000000
__Lbank0                                      bank0        000000
__Lbank1                                      bank1        000000
__Lbank10                                     bank10       000000
__Lbank11                                     bank11       000000
__Lbank12                                     bank12       000000
__Lbank13                                     bank13       000000
__Lbank14                                     bank14       000000
__Lbank15                                     bank15       000000
__Lbank2                                      bank2        000000
__Lbank3                                      bank3        000000
__Lbank4                                      bank4        000000
__Lbank5                                      bank5        000000
__Lbank6                                      bank6        000000
__Lbank7                                      bank7        000000
__Lbank8                                      bank8        000000
__Lbank9                                      bank9        000000
__Lbigbss                                     bigbss       000000
__Lbigdata                                    bigdata      000000
__Lbigram                                     bigram       000000
__Lbigsfr                                     bigsfr       000000
__Lbss                                        bss          000000
__LbssBANK0                                   bssBANK0     000000
__LbssBANK2                                   bssBANK2     000000
__LbssBIGRAM                                  bssBIGRAM    000000
__LbssCOMRAM                                  bssCOMRAM    000000
__Lcinit                                      cinit        000000
__Lclrtext                                    clrtext      000000
__Lcomram                                     comram       000000
__Lconfig                                     config       000000
__Lconst                                      const        000000
__LcstackBANK0                                cstackBANK0  000000
__LcstackBANK1                                cstackBANK1  000000
__LcstackCOMRAM                               cstackCOMRAM 000000
__Ldata                                       data         000000
__Leeprom_data                                eeprom_data  000000
__Lfarbss                                     farbss       000000
__Lfardata                                    fardata      000000
__Lheap                                       heap         000000
__Libigdata                                   ibigdata     000000
__Lidata                                      idata        000000
__Lidloc                                      idloc        000000
__Lifardata                                   ifardata     000000
__Linit                                       init         00001A
__Lintsave_regs                               intsave_regs 000000
__Lirdata                                     irdata       000000
__Livt0x8                                     ivt0x8       000008
__Lmediumconst                                mediumconst  00FEEA
__LnvBANK0                                    nvBANK0      000000
__LnvBANK1                                    nvBANK1      000000
__LnvFARRAM                                   nvFARRAM     000000
__Lnvbit                                      nvbit        000000
__Lnvrram                                     nvrram       000000
__Lparam                                      rparam       000000
__Lpowerup                                    powerup      000000
__Lram                                        ram          000000
__Lramtop                                     ramtop       001000
__Lrbit                                       rbit         000000
__Lrbss                                       rbss         000000
__Lrdata                                      rdata        000000
__Lreset_vec                                  reset_vec    000000
__Lrparam                                     rparam       000000
__Lsfr                                        sfr          000000
__Lsmallconst                                 smallconst   000000
__Lspace_0                                    (abs)        000000
__Lspace_1                                    (abs)        000000
__Lspace_2                                    (abs)        000000
__Lspace_4                                    (abs)        000000
__Lstack                                      stack        000000
__Lstruct                                     struct       000000
__Ltemp                                       temp         000000
__Ltext                                       text         000000
__Ltext0                                      text0        000000
__Ltext1                                      text1        000000
__Ltext10                                     text10       000000
__Ltext100                                    text100      000000
__Ltext101                                    text101      000000
__Ltext102                                    text102      000000
__Ltext103                                    text103      000000
__Ltext104                                    text104      000000
__Ltext105                                    text105      000000
__Ltext106                                    text106      000000
__Ltext107                                    text107      000000
__Ltext108                                    text108      000000
__Ltext109                                    text109      000000
__Ltext11                                     text11       000000
__Ltext110                                    text110      000000
__Ltext111                                    text111      000000
__Ltext112                                    text112      000000
__Ltext12                                     text12       000000
__Ltext13                                     text13       000000
__Ltext14                                     text14       000000
__Ltext15                                     text15       000000
__Ltext16                                     text16       000000
__Ltext17                                     text17       000000
__Ltext18                                     text18       000000
__Ltext19                                     text19       000000
__Ltext2                                      text2        000000
__Ltext20                                     text20       000000
__Ltext21                                     text21       000000
__Ltext22                                     text22       000000
__Ltext23                                     text23       000000
__Ltext24                                     text24       000000
__Ltext25                                     text25       000000
__Ltext26                                     text26       000000
__Ltext27                                     text27       000000
__Ltext28                                     text28       000000
__Ltext29                                     text29       000000
__Ltext3                                      text3        000000
__Ltext30                                     text30       000000
__Ltext31                                     text31       000000
__Ltext32                                     text32       000000
__Ltext33                                     text33       000000
__Ltext34                                     text34       000000
__Ltext35                                     text35       000000
__Ltext36                                     text36       000000
__Ltext37                                     text37       000000
__Ltext38                                     text38       000000
__Ltext39                                     text39       000000
__Ltext4                                      text4        000000
__Ltext40                                     text40       000000
__Ltext41                                     text41       000000
__Ltext42                                     text42       000000
__Ltext43                                     text43       000000
__Ltext44                                     text44       000000
__Ltext45                                     text45       000000
__Ltext46                                     text46       000000
__Ltext47                                     text47       000000
__Ltext48                                     text48       000000
__Ltext49                                     text49       000000
__Ltext5                                      text5        000000
__Ltext50                                     text50       000000
__Ltext51                                     text51       000000
__Ltext52                                     text52       000000
__Ltext53                                     text53       000000
__Ltext54                                     text54       000000
__Ltext55                                     text55       000000
__Ltext56                                     text56       000000
__Ltext57                                     text57       000000
__Ltext58                                     text58       000000
__Ltext59                                     text59       000000
__Ltext6                                      text6        000000
__Ltext60                                     text60       000000
__Ltext61                                     text61       000000
__Ltext62                                     text62       000000
__Ltext63                                     text63       000000
__Ltext64                                     text64       000000
__Ltext65                                     text65       000000
__Ltext66                                     text66       000000
__Ltext67                                     text67       000000
__Ltext68                                     text68       000000
__Ltext69                                     text69       000000
__Ltext7                                      text7        000000
__Ltext70                                     text70       000000
__Ltext71                                     text71       000000
__Ltext72                                     text72       000000
__Ltext73                                     text73       000000
__Ltext74                                     text74       000000
__Ltext75                                     text75       000000
__Ltext76                                     text76       000000
__Ltext77                                     text77       000000
__Ltext78                                     text78       000000
__Ltext79                                     text79       000000
__Ltext8                                      text8        000000
__Ltext80                                     text80       000000
__Ltext81                                     text81       000000
__Ltext82                                     text82       000000
__Ltext83                                     text83       000000
__Ltext84                                     text84       000000
__Ltext85                                     text85       000000
__Ltext86                                     text86       000000
__Ltext87                                     text87       000000
__Ltext88                                     text88       000000
__Ltext89                                     text89       000000
__Ltext9                                      text9        000000
__Ltext90                                     text90       000000
__Ltext91                                     text91       000000
__Ltext92                                     text92       000000
__Ltext93                                     text93       000000
__Ltext94                                     text94       000000
__Ltext95                                     text95       000000
__Ltext96                                     text96       000000
__Ltext97                                     text97       000000
__Ltext98                                     text98       000000
__Ltext99                                     text99       000000
__S0                                          (abs)        010000
__S1                                          (abs)        000400
__S4                                          (abs)        000000
__S5                                          (abs)        000000
___awdiv                                      text36       004FA0
___awdiv@counter                              cstackBANK1  00010A
___awdiv@dividend                             cstackBANK1  000106
___awdiv@divisor                              cstackBANK1  000108
___awdiv@quotient                             cstackBANK1  00010C
___awdiv@sign                                 cstackBANK1  00010B
___awmod                                      text35       0052A2
___awmod@counter                              cstackBANK1  00010A
___awmod@dividend                             cstackBANK1  000106
___awmod@divisor                              cstackBANK1  000108
___awmod@sign                                 cstackBANK1  00010B
___fladd                                      text31       00168A
___fladd@a                                    cstackBANK1  00010A
___fladd@aexp                                 cstackBANK1  000113
___fladd@b                                    cstackBANK1  000106
___fladd@bexp                                 cstackBANK1  000114
___fladd@grs                                  cstackBANK1  000115
___fladd@signs                                cstackBANK1  000112
___fldiv                                      text40       00288E
___fldiv@a                                    cstackBANK1  000131
___fldiv@aexp                                 cstackBANK1  000145
___fldiv@b                                    cstackBANK1  00012D
___fldiv@bexp                                 cstackBANK1  000144
___fldiv@grs                                  cstackBANK1  000140
___fldiv@new_exp                              cstackBANK1  00013E
___fldiv@rem                                  cstackBANK1  000139
___fldiv@sign                                 cstackBANK1  00013D
___fleq                                       text34       005400
___fleq@ff1                                   cstackBANK1  000106
___fleq@ff2                                   cstackBANK1  00010A
___flge                                       text33       004552
___flge@ff1                                   cstackBANK1  00012D
___flge@ff2                                   cstackBANK1  000131
___flmul                                      text39       001FF8
___flmul@a                                    cstackBANK1  000118
___flmul@aexp                                 cstackBANK1  000125
___flmul@b                                    cstackBANK1  000114
___flmul@bexp                                 cstackBANK1  000126
___flmul@grs                                  cstackBANK1  000121
___flmul@prod                                 cstackBANK1  000127
___flmul@sign                                 cstackBANK1  000120
___flmul@temp                                 cstackBANK1  00012B
___flneg                                      text32       00616E
___flneg@f1                                   cstackBANK1  000106
___flsub                                      text30       005E8E
___flsub@a                                    cstackBANK1  000131
___flsub@b                                    cstackBANK1  00012D
___fltol                                      text29       00444A
___fltol@exp1                                 cstackBANK1  000159
___fltol@f1                                   cstackBANK1  000150
___fltol@sign1                                cstackBANK1  000158
___fpclassifyf                                text28       004862
___fpclassifyf@F465                           bssBANK0     0000D9
___fpclassifyf@e                              cstackBANK1  00010E
___fpclassifyf@u                              cstackBANK1  000110
___fpclassifyf@x                              cstackBANK1  000106
___heap_hi                                    (abs)        000000
___heap_lo                                    (abs)        000000
___inthi_sp                                   stack        000000
___inthi_stack_hi                             stack        000000
___inthi_stack_lo                             stack        000000
___intlo_sp                                   stack        000000
___intlo_stack_hi                             stack        000000
___intlo_stack_lo                             stack        000000
___param_bank                                 (abs)        000000
___rparam_used                                (abs)        000001
___sp                                         stack        000000
___stack_hi                                   stack        000000
___stack_lo                                   stack        000000
___xxtofl                                     text38       003FA4
___xxtofl@arg                                 cstackBANK1  000110
___xxtofl@exp                                 cstackBANK1  00010F
___xxtofl@sign                                cstackBANK1  00010E
___xxtofl@val                                 cstackBANK1  000106
__accesstop                                   (abs)        000060
__activetblptr                                (abs)        000003
__end_ofLCD_SetCursor@F16382                  mediumconst  00FF07
__end_of_ADC_ChannelSelect                    text43       0064E4
__end_of_ADC_ConversionResultGet              text42       0063CA
__end_of_ADC_ConversionStart                  text41       00653A
__end_of_ADC_ISR                              text112      00654C
__end_of_ADC_Initialize                       text13       005AA0
__end_of_ADC_ThresholdISR                     text111      006546
__end_of_BP1_DefaultInterruptHandler          text72       006556
__end_of_BP1_ISR                              text71       00631A
__end_of_BP1_SetInterruptHandler              text7        00650C
__end_of_BP2_DefaultInterruptHandler          text69       006554
__end_of_BP2_ISR                              text68       0062E8
__end_of_BP2_SetInterruptHandler              text6        006502
__end_of_BP3_DefaultInterruptHandler          text58       006552
__end_of_BP3_ISR                              text57       0062B6
__end_of_BP3_SetInterruptHandler              text5        0064F8
__end_of_CLOCK_Initialize                     text12       0064D8
__end_of_COLORS_TAB                           mediumconst  00FF03
__end_of_INT0_SetInterruptHandler             text11       00652A
__end_of_INT1_SetInterruptHandler             text10       006520
__end_of_INT2_SetInterruptHandler             text9        006516
__end_of_INTERRUPT_Initialize                 text8        0060F2
__end_of_INTERRUPT_InterruptManager           text51       004D26
__end_of_LCD_Char                             text45       00633E
__end_of_LCD_Clear                            text48       00645A
__end_of_LCD_Command                          text49       006362
__end_of_LCD_EnablePulse                      text50       006424
__end_of_LCD_Init                             text47       006250
__end_of_LCD_SetCursor                        text46       0059E6
__end_of_LCD_String                           text44       005836
__end_of_LCD_UpdateMenu                       text14       0032DA
__end_of_PIN_MANAGER_IOC                      text56       00616E
__end_of_PIN_MANAGER_Initialize               text4        0057C2
__end_of_SYSTEM_Initialize                    text2        006470
__end_of_TMR1_CounterSet                      text55       005F62
__end_of_TMR1_DefaultOverflowCallback         text53       006550
__end_of_TMR1_Initialize                      text3        006072
__end_of_TMR1_OverflowCallbackRegister        text1        0064EE
__end_of_TMR1_OverflowISR                     text52       006130
__end_of_TMR1_handler                         text54       005DFC
__end_of___awdiv                              text36       005064
__end_of___awmod                              text35       005352
__end_of___fladd                              text31       001B42
__end_of___fldiv                              text40       002C20
__end_of___fleq                               text34       0054AC
__end_of___flge                               text33       004658
__end_of___flmul                              text39       002444
__end_of___flneg                              text32       0061A8
__end_of___flsub                              text30       005ED6
__end_of___fltol                              text29       004552
__end_of___fpclassifyf                        text28       004962
__end_of___xxtofl                             text38       00415C
__end_of__initialization                      cinit        0060AC
__end_of_appliquer_action                     text60       005558
__end_of_efgtoa                               text19       000B5C
__end_of_floorf                               text27       003D92
__end_of_fputc                                text23       004E00
__end_of_fputs                                text22       005E8E
__end_of_int_BP1                              text73       005A44
__end_of_int_BP2                              text70       00444A
__end_of_int_BP3                              text59       006386
__end_of_labs                                 text26       005C06
__end_of_lire_tension                         text37       00569E
__end_of_main                                 text0        005C5C
__end_of_memcpy                               text25       005AFC
__end_of_off_leds                             text62       0052A2
__end_of_on_leds                              text61       004FA0
__end_of_pad                                  text21       0058A8
__end_of_putch                                text24       00654E
__end_of_read_prec_or_width                   text18       004B56
__end_of_send_bit                             text67       0061E2
__end_of_send_byte                            text66       0063AA
__end_of_send_color                           text65       006486
__end_of_send_leds                            text63       005126
__end_of_sprintf                              text15       005DAE
__end_of_strcpy                               text20       005F1C
__end_of_vfpfcnvrt                            text17       0038A2
__end_of_vfprintf                             text16       005BAE
__end_of_ws2812_reset                         text64       0064C6
__end_ofi2_ADC_ChannelSelect                  text103      006534
__end_ofi2_ADC_ConversionResultGet            text102      00649C
__end_ofi2_ADC_ConversionStart                text101      006540
__end_ofi2_LCD_Char                           text105      0063EA
__end_ofi2_LCD_Clear                          text108      0064B2
__end_ofi2_LCD_Command                        text109      006408
__end_ofi2_LCD_EnablePulse                    text110      006440
__end_ofi2_LCD_Init                           text107      006284
__end_ofi2_LCD_SetCursor                      text106      005D5E
__end_ofi2_LCD_String                         text104      00591A
__end_ofi2_LCD_UpdateMenu                     text74       0035C6
__end_ofi2___awdiv                            text96       0051E8
__end_ofi2___awmod                            text95       005400
__end_ofi2___fladd                            text91       001FF8
__end_ofi2___fldiv                            text100      002FB0
__end_ofi2___fleq                             text94       005602
__end_ofi2___flge                             text93       004862
__end_ofi2___flmul                            text99       00288E
__end_ofi2___flneg                            text92       00621A
__end_ofi2___flsub                            text90       005FA8
__end_ofi2___fltol                            text89       00475E
__end_ofi2___fpclassifyf                      text88       004A60
__end_ofi2___xxtofl                           text98       004310
__end_ofi2_efgtoa                             text79       00168A
__end_ofi2_floorf                             text87       003FA4
__end_ofi2_fputc                              text83       004ED8
__end_ofi2_fputs                              text82       006030
__end_ofi2_labs                               text86       005D08
__end_ofi2_lire_tension                       text97       005736
[...]
i2___fltol@f1                                 cstackCOMRAM 00004B
i2___fltol@sign1                              cstackCOMRAM 000053
i2___fpclassifyf                              text88       004962
i2___fpclassifyf@e                            cstackCOMRAM 000009
i2___fpclassifyf@u                            cstackCOMRAM 00000B
i2___fpclassifyf@x                            cstackCOMRAM 000001
i2___xxtofl                                   text98       00415C
i2___xxtofl@arg                               cstackCOMRAM 00000B
i2___xxtofl@exp                               cstackCOMRAM 00000A
i2___xxtofl@sign                              cstackCOMRAM 000009
i2___xxtofl@val                               cstackCOMRAM 000001
i2_efgtoa                                     text79       000B5C
i2_efgtoa$2326                                cstackBANK0  000062
i2_efgtoa$2332                                cstackBANK0  000064
i2_floorf                                     text87       003D92
i2_fputc                                      text83       004E00
i2_fputs                                      text82       005FEC
i2_labs                                       text86       005CB2
i2_lire_tension                               text97       00569E
i2_memcpy                                     text85       005AFC
i2_pad                                        text81       00591A
i2_putch                                      text84       006556
i2_read_prec_or_width                         text78       004B56
i2_sprintf                                    text75       005DFC
i2_strcpy                                     text80       005FA8
i2_vfpfcnvrt                                  text77       0038A2
i2_vfprintf                                   text76       005C5C
i2efgtoa@c                                    cstackCOMRAM 00005B
i2efgtoa@d                                    cstackBANK0  00006B
i2efgtoa@e                                    cstackBANK0  000080
i2efgtoa@esign                                cstackBANK0  000069
i2efgtoa@f                                    cstackCOMRAM 000057
i2efgtoa@fp                                   cstackCOMRAM 000055
i2efgtoa@g                                    cstackBANK0  000087
i2efgtoa@h                                    cstackBANK0  000078
i2efgtoa@i                                    cstackBANK0  000083
i2efgtoa@l                                    cstackBANK0  00007C
i2efgtoa@m                                    cstackBANK0  00006D
i2efgtoa@mode                                 cstackBANK0  00006A
i2efgtoa@n                                    cstackBANK0  000085
i2efgtoa@ne                                   cstackBANK0  000066
i2efgtoa@nmode                                cstackBANK0  000071
i2efgtoa@ou                                   cstackBANK0  000074
i2efgtoa@p                                    cstackBANK0  00006F
i2efgtoa@pp                                   cstackBANK0  000068
i2efgtoa@sign                                 cstackBANK0  000082
i2efgtoa@t                                    cstackBANK0  000060
i2efgtoa@u                                    cstackBANK0  00008B
i2efgtoa@w                                    cstackBANK0  000072
i2floorf@e                                    cstackCOMRAM 00004F
i2floorf@m                                    cstackCOMRAM 00004B
i2floorf@u                                    cstackCOMRAM 000051
i2floorf@x                                    cstackCOMRAM 000041
i2fputc@c                                     cstackCOMRAM 000001
i2fputc@fp                                    cstackCOMRAM 000003
i2fputs@c                                     cstackCOMRAM 00000E
i2fputs@fp                                    cstackCOMRAM 00000C
i2fputs@i                                     cstackCOMRAM 00000F
i2fputs@s                                     cstackCOMRAM 00000A
i2labs@a                                      cstackCOMRAM 000001
i2lire_tension@adc_val                        cstackCOMRAM 000049
i2lire_tension@tension                        cstackCOMRAM 000045
i2memcpy@d                                    cstackCOMRAM 000007
i2memcpy@d1                                   cstackCOMRAM 000001
i2memcpy@n                                    cstackCOMRAM 000005
i2memcpy@s                                    cstackCOMRAM 000009
i2memcpy@s1                                   cstackCOMRAM 000003
i2memcpy@tmp                                  cstackCOMRAM 00000B
i2pad@buf                                     cstackCOMRAM 000013
i2pad@fp                                      cstackCOMRAM 000011
i2pad@i                                       cstackCOMRAM 000018
i2pad@p                                       cstackCOMRAM 000015
i2read_prec_or_width@ap                       cstackCOMRAM 000003
i2read_prec_or_width@c                        cstackCOMRAM 000007
i2read_prec_or_width@fmt                      cstackCOMRAM 000001
i2read_prec_or_width@n                        cstackCOMRAM 000008
i2sprintf@ap                                  cstackBANK0  0000AE
i2sprintf@f                                   cstackBANK0  0000B0
i2sprintf@fmt                                 cstackBANK0  0000A8
i2sprintf@s                                   cstackBANK0  0000A6
i2strcpy@d                                    cstackCOMRAM 000005
i2strcpy@dest                                 cstackCOMRAM 000001
i2strcpy@src                                  cstackCOMRAM 000003
i2vfpfcnvrt@ap                                cstackBANK0  000093
i2vfpfcnvrt@c                                 cstackBANK0  00009B
i2vfpfcnvrt@convarg                           cstackBANK0  000097
i2vfpfcnvrt@cp                                cstackBANK0  00009C
i2vfpfcnvrt@fmt                               cstackBANK0  000091
i2vfpfcnvrt@fp                                cstackBANK0  00008F
i2vfprintf@ap                                 cstackBANK0  0000A2
i2vfprintf@cfmt                               cstackBANK0  0000A4
i2vfprintf@fmt                                cstackBANK0  0000A0
i2vfprintf@fp                                 cstackBANK0  00009E
intlevel0                                     text         000000
intlevel1                                     text         000000
intlevel2                                     text         000000
intlevel3                                     text         000000
isa$std                                       (abs)        000001
isa$xinst                                     (abs)        000000
ivt0x8_base                                   ivt0x8       000008
labs@a                                        cstackBANK1  000106
lire_tension@adc_val                          cstackBANK1  00014E
lire_tension@tension                          cstackBANK1  00014A
memcpy@d                                      cstackBANK1  00010C
memcpy@d1                                     cstackBANK1  000106
memcpy@n                                      cstackBANK1  00010A
memcpy@s                                      cstackBANK1  00010E
memcpy@s1                                     cstackBANK1  000108
memcpy@tmp                                    cstackBANK1  000110
off_leds@i                                    cstackCOMRAM 000019
off_leds@j                                    cstackCOMRAM 00001A
on_leds@b                                     cstackCOMRAM 000016
on_leds@g                                     cstackCOMRAM 000015
on_leds@i                                     cstackCOMRAM 00001C
on_leds@j                                     cstackCOMRAM 00001D
on_leds@r                                     cstackCOMRAM 00001B
pad@buf                                       cstackBANK1  000118
pad@fp                                        cstackBANK1  000116
pad@i                                         cstackBANK1  00011D
pad@p                                         cstackBANK1  00011A
rainbow_scroll_vertical@offset                bssCOMRAM    00005E
read_prec_or_width@ap                         cstackBANK1  000108
read_prec_or_width@c                          cstackBANK1  00010C
read_prec_or_width@fmt                        cstackBANK1  000106
read_prec_or_width@n                          cstackBANK1  00010D
send_bit@bit                                  cstackCOMRAM 000001
send_byte@byte                                cstackCOMRAM 000002
send_byte@i                                   cstackCOMRAM 000003
send_color@b                                  cstackCOMRAM 000005
send_color@g                                  cstackCOMRAM 000004
send_color@r                                  cstackCOMRAM 000006
send_leds@i                                   cstackCOMRAM 000013
send_leds@j                                   cstackCOMRAM 000014
sprintf@ap                                    cstackBANK1  0001B1
sprintf@f                                     cstackBANK1  0001B3
sprintf@fmt                                   cstackBANK1  0001AB
sprintf@s                                     cstackBANK1  0001A9
stackhi                                       (abs)        000000
stacklo                                       (abs)        000000
start                                         init         00001A
start_initialization                          cinit        006072
strcpy@d                                      cstackBANK1  00010A
strcpy@dest                                   cstackBANK1  000106
strcpy@src                                    cstackBANK1  000108
vfpfcnvrt@ap                                  cstackBANK1  000196
vfpfcnvrt@c                                   cstackBANK1  00019E
vfpfcnvrt@convarg                             cstackBANK1  00019A
vfpfcnvrt@cp                                  cstackBANK1  00019F
vfpfcnvrt@fmt                                 cstackBANK1  000194
vfpfcnvrt@fp                                  cstackBANK1  000192
vfprintf@ap                                   cstackBANK1  0001A5
vfprintf@cfmt                                 cstackBANK1  0001A7
vfprintf@fmt                                  cstackBANK1  0001A3
vfprintf@fp                                   cstackBANK1  0001A1


MODULE INFORMATION

Module		Function		Class		Link	Load	Size
C:\Program Files\Microchip\xc8\v3.00\pic\sources\c99\common\flge.c
		___flge        		CODE           	4552	0000	262

C:\Program Files\Microchip\xc8\v3.00\pic\sources\c99\common\flge.c estimated size: 262

LCM_S01604DSF.c
		_LCD_String    		CODE           	57C2	0000	116
		_LCD_Init      		CODE           	621A	0000	54
		_LCD_Command   		CODE           	633E	0000	36
		_LCD_SetCursor 		CODE           	5988	0000	94
		_LCD_EnablePulse		CODE           	6408	0000	28
		_LCD_Char      		CODE           	631A	0000	36
		_LCD_Clear     		CODE           	6440	0000	26

LCM_S01604DSF.c estimated size: 390

C:\Program Files\Microchip\xc8\v3.00\pic\sources\c99\common\nf_fputc.c
		_fputc         		CODE           	4D26	0000	218

C:\Program Files\Microchip\xc8\v3.00\pic\sources\c99\common\nf_fputc.c estimated size: 218

C:\Program Files\Microchip\xc8\v3.00\pic\sources\c99\common\memcpy.c
		_memcpy        		CODE           	5AA0	0000	92

C:\Program Files\Microchip\xc8\v3.00\pic\sources\c99\common\memcpy.c estimated size: 92

C:\Program Files\Microchip\xc8\v3.00\pic\sources\c99\common\flneg.c
		___flneg       		CODE           	616E	0000	58

C:\Program Files\Microchip\xc8\v3.00\pic\sources\c99\common\flneg.c estimated size: 58

C:\Program Files\Microchip\xc8\v3.00\pic\sources\c99\common\__fpclassifyf.c
		___fpclassifyf 		CODE           	4862	0000	256

C:\Program Files\Microchip\xc8\v3.00\pic\sources\c99\common\__fpclassifyf.c estimated size: 256

C:\Program Files\Microchip\xc8\v3.00\pic\sources\c99\common\nf_sprintf.c
		_sprintf       		CODE           	5D5E	0000	80

C:\Program Files\Microchip\xc8\v3.00\pic\sources\c99\common\nf_sprintf.c estimated size: 80

mcc_generated_files/timer/src/tmr1.c
		_TMR1_Initialize		CODE           	6030	0000	66
		_TMR1_OverflowCallbackRegister		CODE           	64E4	0000	10
		_TMR1_DefaultOverflowCallback		CODE           	654E	0000	2
		_TMR1_CounterSet		CODE           	5F1C	0000	70
		_TMR1_OverflowISR		CODE           	60F2	0000	62

mcc_generated_files/timer/src/tmr1.c estimated size: 210

mcc_generated_files/system/src/interrupt.c
		_INT0_SetInterruptHandler		CODE           	6520	0000	10
		_INT1_SetInterruptHandler		CODE           	6516	0000	10
		_INT2_SetInterruptHandler		CODE           	650C	0000	10
		_INTERRUPT_Initialize		CODE           	60B2	0000	64
		_INTERRUPT_InterruptManager		CODE           	4C4A	0000	220

mcc_generated_files/system/src/interrupt.c estimated size: 314

mcc_generated_files/adc/src/adc.c
		_ADC_Initialize		CODE           	5A44	0000	92
		_ADC_ConversionStart		CODE           	6534	0000	6
		_ADC_ChannelSelect		CODE           	64D8	0000	12
		_ADC_ISR       		CODE           	6546	0000	6
		_ADC_ThresholdISR		CODE           	6540	0000	6
		_ADC_ConversionResultGet		CODE           	63AA	0000	32

mcc_generated_files/adc/src/adc.c estimated size: 154

C:\Program Files\Microchip\xc8\v3.00\pic\sources\c99\common\awmod.c
		___awmod       		CODE           	52A2	0000	176

C:\Program Files\Microchip\xc8\v3.00\pic\sources\c99\common\awmod.c estimated size: 176

C:\Program Files\Microchip\xc8\v3.00\pic\sources\c99\common\floorf.c
		_floorf        		CODE           	3B7C	0000	534

C:\Program Files\Microchip\xc8\v3.00\pic\sources\c99\common\floorf.c estimated size: 534

C:\Program Files\Microchip\xc8\v3.00\pic\sources\c99\common\putch.c
		_putch         		CODE           	654C	0000	2

C:\Program Files\Microchip\xc8\v3.00\pic\sources\c99\common\putch.c estimated size: 2

C:\Program Files\Microchip\xc8\v3.00\pic\sources\c99\common\fleq.c
		___fleq        		CODE           	5400	0000	172

C:\Program Files\Microchip\xc8\v3.00\pic\sources\c99\common\fleq.c estimated size: 172

C:\Program Files\Microchip\xc8\v3.00\pic\sources\c99\common\sprcmul.c
		___flmul       		CODE           	1FF8	0000	1100

C:\Program Files\Microchip\xc8\v3.00\pic\sources\c99\common\sprcmul.c estimated size: 1100

mcc_generated_files/system/src/pins.c
		_PIN_MANAGER_Initialize		CODE           	5736	0000	140
		_BP1_ISR       		CODE           	62E8	0000	50
		_BP2_ISR       		CODE           	62B6	0000	50
		_BP3_ISR       		CODE           	6284	0000	50
		_BP1_DefaultInterruptHandler		CODE           	6554	0000	2
		_BP2_DefaultInterruptHandler		CODE           	6552	0000	2
		_BP3_DefaultInterruptHandler		CODE           	6550	0000	2
		_PIN_MANAGER_IOC		CODE           	6130	0000	62
		_BP1_SetInterruptHandler		CODE           	6502	0000	10
		_BP2_SetInterruptHandler		CODE           	64F8	0000	10
		_BP3_SetInterruptHandler		CODE           	64EE	0000	10

mcc_generated_files/system/src/pins.c estimated size: 388

C:\Program Files\Microchip\xc8\v3.00\pic\sources\c99\common\sprcdiv.c
		___fldiv       		CODE           	288E	0000	914

C:\Program Files\Microchip\xc8\v3.00\pic\sources\c99\common\sprcdiv.c estimated size: 914

shared
		i2_vfpfcnvrt   		CODE           	38A2	0000	730
		i2_pad         		CODE           	591A	0000	110
		i2_floorf      		CODE           	3D92	0000	530
		i2_labs        		CODE           	5CB2	0000	86
		i2_read_prec_or_width		CODE           	4B56	0000	244
		i2_ADC_ConversionStart		CODE           	653A	0000	6
		i2_putch       		CODE           	6556	0000	2
		i2___fleq      		CODE           	5558	0000	170
		i2_ADC_ConversionResultGet		CODE           	6486	0000	22
		i2_LCD_Char    		CODE           	63CA	0000	32
		i2_LCD_Clear   		CODE           	649C	0000	22
		LCD_SetCursor@F16382		MEDIUMCONST    	FF03	0000	4
		i2_LCD_String  		CODE           	58A8	0000	114
		i2_vfprintf    		CODE           	5C5C	0000	86
		i2___flneg     		CODE           	61E2	0000	56
		i2_LCD_Command 		CODE           	63EA	0000	30
		i2_strcpy      		CODE           	5FA8	0000	68
		i2_LCD_Init    		CODE           	6250	0000	52
		i2_lire_tension		CODE           	569E	0000	152
		i2___awdiv     		CODE           	5126	0000	194
		i2___fladd     		CODE           	1B42	0000	1206
		i2___fldiv     		CODE           	2C20	0000	912
		i2___fltol     		CODE           	4658	0000	262
		__initialization		CODE           	6072	0000	58
		i2___flge      		CODE           	475E	0000	260
		i2___awmod     		CODE           	5352	0000	174
		_COLORS_TAB    		MEDIUMCONST    	FEEB	0000	24
		i2___flmul     		CODE           	2444	0000	1098
		i2_sprintf     		CODE           	5DFC	0000	74
		i2___xxtofl    		CODE           	415C	0000	436
		i2___fpclassifyf		CODE           	4962	0000	254
		i2_LCD_UpdateMenu		CODE           	32DA	0000	748
		i2___flsub     		CODE           	5F62	0000	70
		i2_efgtoa      		CODE           	0B5C	0000	2862
		i2_LCD_SetCursor		CODE           	5D08	0000	86
		i2_LCD_EnablePulse		CODE           	6424	0000	28
		i2_fputc       		CODE           	4E00	0000	216
		i2_fputs       		CODE           	5FEC	0000	68
		i2_memcpy      		CODE           	5AFC	0000	90
		i2_ADC_ChannelSelect		CODE           	652A	0000	10

shared estimated size: 11646

C:\Program Files\Microchip\xc8\v3.00\pic\sources\c99\common\xxtofl.c
		___xxtofl      		CODE           	3FA4	0000	440

C:\Program Files\Microchip\xc8\v3.00\pic\sources\c99\common\xxtofl.c estimated size: 440

C:\Program Files\Microchip\xc8\v3.00\pic\sources\c99\common\nf_fputs.c
		_fputs         		CODE           	5E46	0000	72

C:\Program Files\Microchip\xc8\v3.00\pic\sources\c99\common\nf_fputs.c estimated size: 72

C:\Program Files\Microchip\xc8\v3.00\pic\sources\c99\common\strcpy.c
		_strcpy        		CODE           	5ED6	0000	70

C:\Program Files\Microchip\xc8\v3.00\pic\sources\c99\common\strcpy.c estimated size: 70

mcc_generated_files/system/src/clock.c
		_CLOCK_Initialize		CODE           	64C6	0000	18

mcc_generated_files/system/src/clock.c estimated size: 18

C:\Program Files\Microchip\xc8\v3.00\pic\sources\c99\common\awdiv.c
		___awdiv       		CODE           	4FA0	0000	196

C:\Program Files\Microchip\xc8\v3.00\pic\sources\c99\common\awdiv.c estimated size: 196

C:\Program Files\Microchip\xc8\v3.00\pic\sources\c99\common\fltol.c
		___fltol       		CODE           	444A	0000	264

C:\Program Files\Microchip\xc8\v3.00\pic\sources\c99\common\fltol.c estimated size: 264

C:\Program Files\Microchip\xc8\v3.00\pic\sources\c99\common\labs.c
		_labs          		CODE           	5BAE	0000	88

C:\Program Files\Microchip\xc8\v3.00\pic\sources\c99\common\labs.c estimated size: 88

main.c
		_send_bit      		CODE           	61A8	0000	58
		_send_byte     		CODE           	6386	0000	36
		_off_leds      		CODE           	51E8	0000	186
		_appliquer_action		CODE           	54AC	0000	172
		_TMR1_handler  		CODE           	5DAE	0000	78
		_main          		CODE           	5C06	0000	86
		_int_BP1       		CODE           	59E6	0000	94
		_send_color    		CODE           	6470	0000	22
		_LCD_UpdateMenu		CODE           	2FB0	0000	810
		_int_BP3       		CODE           	6362	0000	36
		_send_leds     		CODE           	5064	0000	194
		_ws2812_reset  		CODE           	64B2	0000	20
		_lire_tension  		CODE           	5602	0000	156
		_on_leds       		CODE           	4ED8	0000	200
		_int_BP2       		CODE           	4310	0000	314

main.c estimated size: 2462

C:\Program Files\Microchip\xc8\v3.00\pic\sources\c99\common\doprnt.c
		_read_prec_or_width		CODE           	4A60	0000	246
		_vfpfcnvrt     		CODE           	35C6	0000	732
		_efgtoa        		CODE           	001E	0000	2878
		_pad           		CODE           	5836	0000	114
		_vfprintf      		CODE           	5B56	0000	88

C:\Program Files\Microchip\xc8\v3.00\pic\sources\c99\common\doprnt.c estimated size: 4058

C:\Program Files\Microchip\xc8\v3.00\pic\sources\c99\common\sprcadd.c
		___flsub       		CODE           	5E8E	0000	72
		___fladd       		CODE           	168A	0000	1208

C:\Program Files\Microchip\xc8\v3.00\pic\sources\c99\common\sprcadd.c estimated size: 1280

mcc_generated_files/system/src/system.c
		_SYSTEM_Initialize		CODE           	645A	0000	22

mcc_generated_files/system/src/system.c estimated size: 22

