Microchip MPLAB XC8 Compiler V3.00

Linker command line:

-W-3 \
  --edf=C:/Program Files/Microchip/MPLABX/v6.25/packs/Microchip/PIC18F-K_DFP/1.14.301/xc8\pic\dat\20241213203129_en.msgs \
  -pivt0x8=08h -cn -h+dist/default/debug\STI3958.X.debug.sym \
  --cmf=dist/default/debug\STI3958.X.debug.cmf -z -Q18F26K42 \
  -oC:\Users\maserne.SSE\AppData\Local\Temp\xcAsua8.\driver_tmp_3.o \
  --defsym=__MPLAB_BUILD=1 --fixupoverflow=error \
  -Mdist/default/debug/STI3958.X.debug.map \
  --md=C:\Users\maserne.SSE\AppData\Local\Temp\xcAsua8.\driver_tmp_0.dat \
  -E1 -ver=XC8 Compiler -ACODE=00h-0FFFFh -ACONST=00h-0FFFFh \
  -ASMALLCONST=01000h-010FFhx240 -AMEDIUMCONST=01000h-0FFFFh \
  -ACOMRAM=01h-05Fh -AABS1=00h-0FFFh -ABIGRAM=01h-0FFFh \
  -ARAM=060h-0FFh,0100h-01FFhx15 -ABANK0=060h-0FFh -ABANK1=0100h-01FFh \
  -ABANK2=0200h-02FFh -ABANK3=0300h-03FFh -ABANK4=0400h-04FFh \
  -ABANK5=0500h-05FFh -ABANK6=0600h-06FFh -ABANK7=0700h-07FFh \
  -ABANK8=0800h-08FFh -ABANK9=0900h-09FFh -ABANK10=0A00h-0AFFh \
  -ABANK11=0B00h-0BFFh -ABANK12=0C00h-0CFFh -ABANK13=0D00h-0DFFh \
  -ABANK14=0E00h-0EFFh -ABANK15=0F00h-0FFFh \
  -ASFR=03800h-038FFhx7,03F00h-03F5Fh,03F60h-03FFFh -ABIGSFR=03800h-03FFFh \
  -ACONFIG=0300000h-0300009h -AIDLOC=0200000h-020000Fh \
  -AEEDATA=0310000h-03103FFh -peeprom_data=EEDATA -preset_vec=00h \
  -ppowerup=CODE,init -pramtop=01000h -psmallconst=SMALLCONST \
  -pmediumconst=MEDIUMCONST -pconst=CONST -AFARRAM=00h-00h \
  -prdata=COMRAM,nvrram=COMRAM,nvbit=COMRAM,rbss=COMRAM,rbit=COMRAM \
  -pfarbss=FARRAM,fardata=FARRAM,nvFARRAM=FARRAM \
  -pintsave_regs=BIGRAM,bigbss=BIGRAM,bigdata=BIGRAM -pbss=RAM \
  -pidata=CODE,irdata=CODE,ibigdata=CODE,ifardata=CODE -prparam=COMRAM \
  C:\Users\maserne.SSE\AppData\Local\Temp\xcAsua8.\driver_tmp_9.o \
  dist/default/debug\STI3958.X.debug.o 

Object code version is 3.11

Machine type is 18F26K42



                Name                               Link     Load   Length Selector   Space Scale
C:\Users\maserne.SSE\AppData\Local\Temp\xcAsua8.\driver_tmp_9.o
                config                           300000   300000        A        0       4
                init                                 1A       1A        4        4       0
                reset_vec                             0        0        6        0       0
dist/default/debug\STI3958.X.debug.o
                config                           300000   300000        A        0       4
                smallconst                         1000     1000       7C      800       0
                ivt0x8                                8        8       12        4       0
                text50                             1C3C     1C3C       1C      83E       0
                text49                             1C02     1C02       1E      83E       0
                text48                             1C88     1C88       16      83E       0
                text47                             1A5E     1A5E       34      83E       0
                text46                             1750     1750       56      83E       0
                text45                             1BE2     1BE2       20      83E       0
                text44                             19B2     19B2       3C      83E       0
                text43                             11B2     11B2      11E      83E       0
                text42                             1694     1694       62      83E       0
                text41                             1D22     1D22        2      83E       0
                text40                             1B24     1B24       30      83E       0
                text39                             145A     145A       98      83E       0
                text38                             1D20     1D20        2      83E       0
                text37                             1AF4     1AF4       30      83E       0
                text36                             19EE     19EE       3A      83E       0
                text35                             1B9C     1B9C       24      83E       0
                text34                             1C72     1C72       16      83E       0
                text33                             1C9E     1C9E       14      83E       0
                text32                             1398     1398       C2      83E       0
                text31                             12D0     12D0       C8      83E       0
                text30                             160E     160E       86      83E       0
                text29                             1BC0     1BC0       22      83E       0
                text28                             1D1E     1D1E        2      83E       0
                text27                             1AC4     1AC4       30      83E       0
                text26                             1938     1938       3E      83E       0
                text25                             17F4     17F4       46      83E       0
                text24                             183A     183A       42      83E       0
                text23                             1D1C     1D1C        2      83E       0
                text22                             1976     1976       3C      83E       0
                text21                             14F2     14F2       90      83E       0
                text20                             1C20     1C20       1C      83E       0
                text19                             1B78     1B78       24      83E       0
                text18                             1C58     1C58       1A      83E       0
                text17                             1A28     1A28       36      83E       0
                text16                             16F6     16F6       5A      83E       0
                text15                             1B54     1B54       24      83E       0
                text14                             18FA     18FA       3E      83E       0
                text13                             107C     107C      136      83E       0
                text12                             1CC4     1CC4       12      83E       0
                text11                             1D12     1D12        A      83E       0
                text10                             1D08     1D08        A      83E       0
                text9                              1CFE     1CFE        A      83E       0
                text8                              187C     187C       40      83E       0
                text7                              1CF4     1CF4        A      83E       0
                text6                              1CEA     1CEA        A      83E       0
                text5                              1CE0     1CE0        A      83E       0
                text4                              1582     1582       8C      83E       0
                text3                              18BC     18BC       3E      83E       0
                text2                              1CB2     1CB2       12      83E       0
                text1                              1CD6     1CD6        A      83E       0
                text0                              17A6     17A6       4E      83E       0
                cstackCOMRAM                          1        1       27        1       1
                cstackBANK0                          60       60        A       60       1
                bssBIGRAM                            6A       6A      1B0       6A       1
                bssCOMRAM                            38       38        6        1       1
                cinit                              1A92     1A92       32      83E       0
                nvCOMRAM                             28       28       10        1       1

TOTAL           Name                               Link     Load   Length     Space
        CLASS   CODE           
                init                                 1A       1A        4         0
                reset_vec                             0        0        6         0
                ivt0x8                                8        8       12         0
                text50                             1C3C     1C3C       1C         0
                text49                             1C02     1C02       1E         0
                text48                             1C88     1C88       16         0
                text47                             1A5E     1A5E       34         0
                text46                             1750     1750       56         0
                text45                             1BE2     1BE2       20         0
                text44                             19B2     19B2       3C         0
                text43                             11B2     11B2      11E         0
                text42                             1694     1694       62         0
                text41                             1D22     1D22        2         0
                text40                             1B24     1B24       30         0
                text39                             145A     145A       98         0
                text38                             1D20     1D20        2         0
                text37                             1AF4     1AF4       30         0
                text36                             19EE     19EE       3A         0
                text35                             1B9C     1B9C       24         0
                text34                             1C72     1C72       16         0
                text33                             1C9E     1C9E       14         0
                text32                             1398     1398       C2         0
                text31                             12D0     12D0       C8         0
                text30                             160E     160E       86         0
                text29                             1BC0     1BC0       22         0
                text28                             1D1E     1D1E        2         0
                text27                             1AC4     1AC4       30         0
                text26                             1938     1938       3E         0
                text25                             17F4     17F4       46         0
                text24                             183A     183A       42         0
                text23                             1D1C     1D1C        2         0
                text22                             1976     1976       3C         0
                text21                             14F2     14F2       90         0
                text20                             1C20     1C20       1C         0
                text19                             1B78     1B78       24         0
                text18                             1C58     1C58       1A         0
                text17                             1A28     1A28       36         0
                text16                             16F6     16F6       5A         0
                text15                             1B54     1B54       24         0
                text14                             18FA     18FA       3E         0
                text13                             107C     107C      136         0
                text12                             1CC4     1CC4       12         0
                text11                             1D12     1D12        A         0
                text10                             1D08     1D08        A         0
                text9                              1CFE     1CFE        A         0
                text8                              187C     187C       40         0
                text7                              1CF4     1CF4        A         0
                text6                              1CEA     1CEA        A         0
                text5                              1CE0     1CE0        A         0
                text4                              1582     1582       8C         0
                text3                              18BC     18BC       3E         0
                text2                              1CB2     1CB2       12         0
                text1                              1CD6     1CD6        A         0
                text0                              17A6     17A6       4E         0
                cinit                              1A92     1A92       32         0

        CLASS   CONST          

        CLASS   SMALLCONST     
                smallconst                         1000     1000       7C         0

        CLASS   MEDIUMCONST    

        CLASS   COMRAM         
                cstackCOMRAM                          1        1       27         1
                bssCOMRAM                            38       38        6         1
                nvCOMRAM                             28       28       10         1

        CLASS   ABS1           

        CLASS   BIGRAM         
                bssBIGRAM                            6A       6A      1B0         1

        CLASS   RAM            

        CLASS   BANK0          
                cstackBANK0                          60       60        A         1

        CLASS   BANK1          

        CLASS   BANK2          

        CLASS   BANK3          

        CLASS   BANK4          

        CLASS   BANK5          

        CLASS   BANK6          

        CLASS   BANK7          

        CLASS   BANK8          

        CLASS   BANK9          

        CLASS   BANK10         

        CLASS   BANK11         

        CLASS   BANK12         

        CLASS   BANK13         

        CLASS   BANK14         

        CLASS   BANK15         

        CLASS   SFR            

        CLASS   BIGSFR         

        CLASS   CONFIG         
                config                           300000   300000        A         4

        CLASS   IDLOC          

        CLASS   EEDATA         

        CLASS   FARRAM         

        CLASS   HEAP           

        CLASS   STACK          



SEGMENTS        Name                           Load    Length   Top    Selector   Space  Class

                reset_vec                      000000  000006  000006         0       0  CODE    
                cstackCOMRAM                   000001  00003D  00003E         1       1  COMRAM  
                ivt0x8                         000008  000016  00001E         4       0  CODE    
                cstackBANK0                    000060  00000A  00006A        60       1  BANK0   
                bssBIGRAM                      00006A  0001B0  00021A        6A       1  BIGRAM  
                smallconst                     001000  00007C  00107C       800       0  SMALLCON
                text13                         00107C  000CA8  001D24       83E       0  CODE    


UNUSED ADDRESS RANGES

        Name                Unused          Largest block    Delta
        BANK10           000A00-000AFF              100
        BANK11           000B00-000BFF              100
        BANK12           000C00-000CFF              100
        BANK13           000D00-000DFF              100
        BANK14           000E00-000EFF              100
        BANK15           000F00-000FFF              100
        BANK2            00021A-0002FF               E6
        BANK3            000300-0003FF              100
        BANK4            000400-0004FF              100
        BANK5            000500-0005FF              100
        BANK6            000600-0006FF              100
        BANK7            000700-0007FF              100
        BANK8            000800-0008FF              100
        BANK9            000900-0009FF              100
        BIGRAM           00003E-00005F               22
                         00021A-000FFF              DE6
        BIGSFR           003800-003FFF              800
        CODE             000006-000007                2
                         00001E-000FFF              FE2
                         001D24-00FFFF             E2DC
        COMRAM           00003E-00005F               22
        CONST            000006-000007                2
                         00001E-000FFF              FE2
                         001D24-00FFFF             E2DC
        EEDATA           310000-3103FF              400
        IDLOC            200000-20000F               10
        MEDIUMCONST      001D24-00FFFF             E2DC
        RAM              00021A-000FFF              100
        SFR              003800-003FFF              100
        SMALLCONST       001D24-00FFFF              100

                                  Symbol Table

BP1_SetInterruptHandler@InterruptHandler      cstackBANK0  000060
BP2_SetInterruptHandler@InterruptHandler      cstackBANK0  000060
BP3_SetInterruptHandler@InterruptHandler      cstackBANK0  000060
INT0_SetInterruptHandler@InterruptHandler     cstackBANK0  000060
INT1_SetInterruptHandler@InterruptHandler     cstackBANK0  000060
INT2_SetInterruptHandler@InterruptHandler     cstackBANK0  000060
IVTBASEH                                      (abs)        003FD6
IVTBASEL                                      (abs)        003FD5
IVTBASEU                                      (abs)        003FD7
LCD_Char@data                                 cstackBANK0  000061
LCD_Command@cmd                               cstackBANK0  000061
LCD_SetCursor@F16227                          smallconst   00100A
LCD_SetCursor@column                          cstackBANK0  000062
LCD_SetCursor@row                             cstackBANK0  000067
LCD_SetCursor@row_offsets                     cstackBANK0  000063
LCD_String@str                                cstackBANK0  000062
TMR1_CounterSet@onState                       cstackCOMRAM 000003
TMR1_CounterSet@timerVal                      cstackCOMRAM 000001
TMR1_OverflowCallbackRegister@CallbackHandler cstackBANK0  000060
TMR1_handler@timer_1s                         bssCOMRAM    000038
_ANSELA                                       (abs)        003A40
_ANSELB                                       (abs)        003A50
_ANSELC                                       (abs)        003A60
_BP1_DefaultInterruptHandler                  text41       001D22
_BP1_ISR                                      text40       001B24
_BP1_InterruptHandler                         nvCOMRAM     000036
_BP1_SetInterruptHandler                      text7        001CF4
_BP2_DefaultInterruptHandler                  text38       001D20
_BP2_ISR                                      text37       001AF4
_BP2_InterruptHandler                         nvCOMRAM     000034
_BP2_SetInterruptHandler                      text6        001CEA
_BP3_DefaultInterruptHandler                  text28       001D1E
_BP3_ISR                                      text27       001AC4
_BP3_InterruptHandler                         nvCOMRAM     000032
_BP3_SetInterruptHandler                      text5        001CE0
_CLOCK_Initialize                             text12       001CC4
_COLORS_TAB                                   smallconst   001001
_INLVLA                                       (abs)        003A44
_INLVLB                                       (abs)        003A54
_INLVLC                                       (abs)        003A64
_INLVLE                                       (abs)        003A84
_INT0_DefaultInterruptHandler                 (abs)        000000
_INT0_InterruptHandler                        nvCOMRAM     000030
_INT0_SetInterruptHandler                     text11       001D12
_INT1_DefaultInterruptHandler                 (abs)        000000
_INT1_InterruptHandler                        nvCOMRAM     00002E
_INT1_SetInterruptHandler                     text10       001D08
_INT2_DefaultInterruptHandler                 (abs)        000000
_INT2_InterruptHandler                        nvCOMRAM     00002C
_INT2_SetInterruptHandler                     text9        001CFE
_INTCON0bits                                  (abs)        003FD2
_INTERRUPT_Initialize                         text8        00187C
_INTERRUPT_InterruptManager                   text21       0014F2
_IOCAF                                        (abs)        003A47
_IOCAFbits                                    (abs)        003A47
_IOCAN                                        (abs)        003A46
_IOCAP                                        (abs)        003A45
_IOCBF                                        (abs)        003A57
_IOCBN                                        (abs)        003A56
_IOCBP                                        (abs)        003A55
_IOCCF                                        (abs)        003A67
_IOCCN                                        (abs)        003A66
_IOCCP                                        (abs)        003A65
_IOCEF                                        (abs)        003A87
_IOCEN                                        (abs)        003A86
_IOCEP                                        (abs)        003A85
_LATA                                         (abs)        003FBA
_LATB                                         (abs)        003FBB
_LATBbits                                     (abs)        003FBB
_LATC                                         (abs)        003FBC
_LCD_Char                                     text15       001B54
_LCD_Clear                                    text18       001C58
_LCD_Command                                  text19       001B78
_LCD_EnablePulse                              text20       001C20
_LCD_Init                                     text17       001A28
_LCD_SetCursor                                text16       0016F6
_LCD_String                                   text14       0018FA
_LCD_UpdateMenu                               text13       00107C
_ODCONA                                       (abs)        003A42
_ODCONB                                       (abs)        003A52
_ODCONC                                       (abs)        003A62
_OSCCON1                                      (abs)        0039D9
_OSCCON3                                      (abs)        0039DB
_OSCEN                                        (abs)        0039DD
_OSCFRQ                                       (abs)        0039DF
_OSCTUNE                                      (abs)        0039DE
_PIE0bits                                     (abs)        003990
_PIE4bits                                     (abs)        003994
_PIN_MANAGER_IOC                              text26       001938
_PIN_MANAGER_Initialize                       text4        001582
_PIR0bits                                     (abs)        0039A0
_PIR1bits                                     (abs)        0039A1
_PIR4bits                                     (abs)        0039A4
_PIR5bits                                     (abs)        0039A5
_PIR7bits                                     (abs)        0039A7
_RB1I2C                                       (abs)        003A5A
_RB2I2C                                       (abs)        003A5B
_RC3I2C                                       (abs)        003A6A
_RC4I2C                                       (abs)        003A6B
_SLRCONA                                      (abs)        003A43
_SLRCONB                                      (abs)        003A53
_SLRCONC                                      (abs)        003A63
_SYSTEM_Initialize                            text2        001CB2
_T1CLK                                        (abs)        003FB5
_T1CON                                        (abs)        003FB2
_T1CONbits                                    (abs)        003FB2
_T1GATE                                       (abs)        003FB4
_T1GCON                                       (abs)        003FB3
_T1GCONbits                                   (abs)        003FB3
_TMR1H                                        (abs)        003FB1
_TMR1L                                        (abs)        003FB0
_TMR1_CounterSet                              text25       0017F4
_TMR1_DefaultGateCallback                     (abs)        000000
_TMR1_DefaultOverflowCallback                 text23       001D1C
_TMR1_GateCallback                            nvCOMRAM     000028
_TMR1_Initialize                              text3        0018BC
_TMR1_OverflowCallback                        nvCOMRAM     00002A
_TMR1_OverflowCallbackRegister                text1        001CD6
_TMR1_OverflowISR                             text22       001976
_TMR1_handler                                 text24       00183A
_TRISA                                        (abs)        003FC2
_TRISB                                        (abs)        003FC3
_TRISBbits                                    (abs)        003FC3
_TRISC                                        (abs)        003FC4
_WPUA                                         (abs)        003A41
_WPUB                                         (abs)        003A51
_WPUC                                         (abs)        003A61
_WPUE                                         (abs)        003A81
__HRAM                                        (abs)        000000
__H__absolute__                               __absolute__ 000000
__Habs1                                       abs1         000000
__Hbank0                                      bank0        000000
__Hbank1                                      bank1        000000
__Hbank10                                     bank10       000000
__Hbank11                                     bank11       000000
__Hbank12                                     bank12       000000
__Hbank13                                     bank13       000000
__Hbank14                                     bank14       000000
__Hbank15                                     bank15       000000
__Hbank2                                      bank2        000000
__Hbank3                                      bank3        000000
__Hbank4                                      bank4        000000
__Hbank5                                      bank5        000000
__Hbank6                                      bank6        000000
__Hbank7                                      bank7        000000
__Hbank8                                      bank8        000000
__Hbank9                                      bank9        000000
__Hbigbss                                     bigbss       000000
__Hbigdata                                    bigdata      000000
__Hbigram                                     bigram       000000
__Hbigsfr                                     bigsfr       000000
__Hbss                                        bss          000000
__HbssBIGRAM                                  bssBIGRAM    000000
__HbssCOMRAM                                  bssCOMRAM    000000
__Hcinit                                      cinit        000000
__Hclrtext                                    clrtext      000000
__Hcomram                                     comram       000000
__Hconfig                                     config       30000A
__Hconst                                      const        000000
__HcstackBANK0                                cstackBANK0  000000
__HcstackCOMRAM                               cstackCOMRAM 000000
__Hdata                                       data         000000
__Heeprom_data                                eeprom_data  000000
__Hfarbss                                     farbss       000000
__Hfardata                                    fardata      000000
__Hheap                                       heap         000000
__Hibigdata                                   ibigdata     000000
__Hidata                                      idata        000000
__Hidloc                                      idloc        000000
__Hifardata                                   ifardata     000000
__Hinit                                       init         00001E
__Hintsave_regs                               intsave_regs 000000
__Hirdata                                     irdata       000000
__Hivt0x8                                     ivt0x8       00001A
__Hmediumconst                                mediumconst  000000
__HnvCOMRAM                                   nvCOMRAM     000000
__HnvFARRAM                                   nvFARRAM     000000
__Hnvbit                                      nvbit        000000
__Hnvrram                                     nvrram       000000
__Hparam                                      rparam       000000
__Hpowerup                                    powerup      000000
__Hram                                        ram          000000
__Hramtop                                     ramtop       001000
__Hrbit                                       rbit         000000
__Hrbss                                       rbss         000000
__Hrdata                                      rdata        000000
__Hreset_vec                                  reset_vec    000006
__Hrparam                                     rparam       000000
__Hsfr                                        sfr          000000
__Hsmallconst                                 smallconst   00107C
__Hspace_0                                    (abs)        001D24
__Hspace_1                                    (abs)        00021A
__Hspace_2                                    (abs)        000000
__Hspace_4                                    (abs)        60000A
__Hstack                                      stack        000000
__Hstruct                                     struct       000000
__Htemp                                       temp         000000
__Htext                                       text         000000
__Htext0                                      text0        000000
__Htext1                                      text1        000000
__Htext10                                     text10       000000
__Htext11                                     text11       000000
__Htext12                                     text12       000000
__Htext13                                     text13       000000
__Htext14                                     text14       000000
__Htext15                                     text15       000000
__Htext16                                     text16       000000
__Htext17                                     text17       000000
__Htext18                                     text18       000000
__Htext19                                     text19       000000
__Htext2                                      text2        000000
__Htext20                                     text20       000000
__Htext21                                     text21       000000
__Htext22                                     text22       000000
__Htext23                                     text23       000000
__Htext24                                     text24       000000
__Htext25                                     text25       000000
__Htext26                                     text26       000000
__Htext27                                     text27       000000
__Htext28                                     text28       000000
__Htext29                                     text29       000000
__Htext3                                      text3        000000
__Htext30                                     text30       000000
__Htext31                                     text31       000000
__Htext32                                     text32       000000
__Htext33                                     text33       000000
__Htext34                                     text34       000000
__Htext35                                     text35       000000
__Htext36                                     text36       000000
__Htext37                                     text37       000000
__Htext38                                     text38       000000
__Htext39                                     text39       000000
__Htext4                                      text4        000000
__Htext40                                     text40       000000
__Htext41                                     text41       000000
__Htext42                                     text42       000000
__Htext43                                     text43       000000
__Htext44                                     text44       000000
__Htext45                                     text45       000000
__Htext46                                     text46       000000
__Htext47                                     text47       000000
__Htext48                                     text48       000000
__Htext49                                     text49       000000
__Htext5                                      text5        000000
__Htext50                                     text50       000000
__Htext6                                      text6        000000
__Htext7                                      text7        000000
__Htext8                                      text8        000000
__Htext9                                      text9        000000
__LRAM                                        (abs)        000001
__L__absolute__                               __absolute__ 000000
__Labs1                                       abs1         000000
__Lbank0                                      bank0        000000
__Lbank1                                      bank1        000000
__Lbank10                                     bank10       000000
__Lbank11                                     bank11       000000
__Lbank12                                     bank12       000000
__Lbank13                                     bank13       000000
__Lbank14                                     bank14       000000
__Lbank15                                     bank15       000000
__Lbank2                                      bank2        000000
__Lbank3                                      bank3        000000
__Lbank4                                      bank4        000000
__Lbank5                                      bank5        000000
__Lbank6                                      bank6        000000
__Lbank7                                      bank7        000000
__Lbank8                                      bank8        000000
__Lbank9                                      bank9        000000
__Lbigbss                                     bigbss       000000
__Lbigdata                                    bigdata      000000
__Lbigram                                     bigram       000000
__Lbigsfr                                     bigsfr       000000
__Lbss                                        bss          000000
__LbssBIGRAM                                  bssBIGRAM    000000
__LbssCOMRAM                                  bssCOMRAM    000000
__Lcinit                                      cinit        000000
__Lclrtext                                    clrtext      000000
__Lcomram                                     comram       000000
__Lconfig                                     config       000000
__Lconst                                      const        000000
__LcstackBANK0                                cstackBANK0  000000
__LcstackCOMRAM                               cstackCOMRAM 000000
__Ldata                                       data         000000
__Leeprom_data                                eeprom_data  000000
__Lfarbss                                     farbss       000000
__Lfardata                                    fardata      000000
__Lheap                                       heap         000000
__Libigdata                                   ibigdata     000000
__Lidata                                      idata        000000
__Lidloc                                      idloc        000000
__Lifardata                                   ifardata     000000
__Linit                                       init         00001A
__Lintsave_regs                               intsave_regs 000000
__Lirdata                                     irdata       000000
__Livt0x8                                     ivt0x8       000008
__Lmediumconst                                mediumconst  000000
__LnvCOMRAM                                   nvCOMRAM     000000
__LnvFARRAM                                   nvFARRAM     000000
__Lnvbit                                      nvbit        000000
__Lnvrram                                     nvrram       000000
__Lparam                                      rparam       000000
__Lpowerup                                    powerup      000000
__Lram                                        ram          000000
__Lramtop                                     ramtop       001000
__Lrbit                                       rbit         000000
__Lrbss                                       rbss         000000
__Lrdata                                      rdata        000000
__Lreset_vec                                  reset_vec    000000
__Lrparam                                     rparam       000000
__Lsfr                                        sfr          000000
__Lsmallconst                                 smallconst   001000
__Lspace_0                                    (abs)        000000
__Lspace_1                                    (abs)        000000
__Lspace_2                                    (abs)        000000
__Lspace_4                                    (abs)        000000
__Lstack                                      stack        000000
__Lstruct                                     struct       000000
__Ltemp                                       temp         000000
__Ltext                                       text         000000
__Ltext0                                      text0        000000
__Ltext1                                      text1        000000
__Ltext10                                     text10       000000
__Ltext11                                     text11       000000
__Ltext12                                     text12       000000
__Ltext13                                     text13       000000
__Ltext14                                     text14       000000
__Ltext15                                     text15       000000
__Ltext16                                     text16       000000
__Ltext17                                     text17       000000
__Ltext18                                     text18       000000
__Ltext19                                     text19       000000
__Ltext2                                      text2        000000
__Ltext20                                     text20       000000
__Ltext21                                     text21       000000
__Ltext22                                     text22       000000
__Ltext23                                     text23       000000
__Ltext24                                     text24       000000
__Ltext25                                     text25       000000
__Ltext26                                     text26       000000
__Ltext27                                     text27       000000
__Ltext28                                     text28       000000
__Ltext29                                     text29       000000
__Ltext3                                      text3        000000
__Ltext30                                     text30       000000
__Ltext31                                     text31       000000
__Ltext32                                     text32       000000
__Ltext33                                     text33       000000
__Ltext34                                     text34       000000
__Ltext35                                     text35       000000
__Ltext36                                     text36       000000
__Ltext37                                     text37       000000
__Ltext38                                     text38       000000
__Ltext39                                     text39       000000
__Ltext4                                      text4        000000
__Ltext40                                     text40       000000
__Ltext41                                     text41       000000
__Ltext42                                     text42       000000
__Ltext43                                     text43       000000
__Ltext44                                     text44       000000
__Ltext45                                     text45       000000
__Ltext46                                     text46       000000
__Ltext47                                     text47       000000
__Ltext48                                     text48       000000
__Ltext49                                     text49       000000
__Ltext5                                      text5        000000
__Ltext50                                     text50       000000
__Ltext6                                      text6        000000
__Ltext7                                      text7        000000
__Ltext8                                      text8        000000
__Ltext9                                      text9        000000
__S0                                          (abs)        001D24
__S1                                          (abs)        00021A
__S4                                          (abs)        000000
__S5                                          (abs)        000000
___heap_hi                                    (abs)        000000
___heap_lo                                    (abs)        000000
___inthi_sp                                   stack        000000
___inthi_stack_hi                             stack        000000
___inthi_stack_lo                             stack        000000
___intlo_sp                                   stack        000000
___intlo_stack_hi                             stack        000000
___intlo_stack_lo                             stack        000000
___param_bank                                 (abs)        000000
___rparam_used                                (abs)        000001
___sp                                         stack        000000
___stack_hi                                   stack        000000
___stack_lo                                   stack        000000
__accesstop                                   (abs)        000060
__activetblptr                                (abs)        000003
__end_ofLCD_SetCursor@F16227                  smallconst   00100E
__end_of_BP1_DefaultInterruptHandler          text41       001D24
__end_of_BP1_ISR                              text40       001B54
__end_of_BP1_SetInterruptHandler              text7        001CFE
__end_of_BP2_DefaultInterruptHandler          text38       001D22
__end_of_BP2_ISR                              text37       001B24
__end_of_BP2_SetInterruptHandler              text6        001CF4
__end_of_BP3_DefaultInterruptHandler          text28       001D20
__end_of_BP3_ISR                              text27       001AF4
__end_of_BP3_SetInterruptHandler              text5        001CEA
__end_of_CLOCK_Initialize                     text12       001CD6
__end_of_COLORS_TAB                           smallconst   00100A
__end_of_INT0_SetInterruptHandler             text11       001D1C
__end_of_INT1_SetInterruptHandler             text10       001D12
__end_of_INT2_SetInterruptHandler             text9        001D08
__end_of_INTERRUPT_Initialize                 text8        0018BC
__end_of_INTERRUPT_InterruptManager           text21       001582
__end_of_LCD_Char                             text15       001B78
__end_of_LCD_Clear                            text18       001C72
__end_of_LCD_Command                          text19       001B9C
__end_of_LCD_EnablePulse                      text20       001C3C
__end_of_LCD_Init                             text17       001A5E
__end_of_LCD_SetCursor                        text16       001750
__end_of_LCD_String                           text14       001938
__end_of_LCD_UpdateMenu                       text13       0011B2
__end_of_PIN_MANAGER_IOC                      text26       001976
__end_of_PIN_MANAGER_Initialize               text4        00160E
__end_of_SYSTEM_Initialize                    text2        001CC4
__end_of_TMR1_CounterSet                      text25       00183A
__end_of_TMR1_DefaultOverflowCallback         text23       001D1E
__end_of_TMR1_Initialize                      text3        0018FA
__end_of_TMR1_OverflowCallbackRegister        text1        001CE0
__end_of_TMR1_OverflowISR                     text22       0019B2
__end_of_TMR1_handler                         text24       00187C
__end_of__initialization                      cinit        001ABE
__end_of_appliquer_action                     text30       001694
__end_of_int_BP1                              text42       0016F6
__end_of_int_BP2                              text39       0014F2
__end_of_int_BP3                              text29       001BE2
__end_of_main                                 text0        0017F4
__end_of_on_leds                              text31       001398
__end_of_send_bit                             text36       001A28
__end_of_send_byte                            text35       001BC0
__end_of_send_color                           text34       001C88
__end_of_send_leds                            text32       00145A
__end_of_ws2812_reset                         text33       001CB2
__end_ofi2_LCD_Char                           text45       001C02
__end_ofi2_LCD_Clear                          text48       001C9E
__end_ofi2_LCD_Command                        text49       001C20
__end_ofi2_LCD_EnablePulse                    text50       001C58
__end_ofi2_LCD_Init                           text47       001A92
__end_ofi2_LCD_SetCursor                      text46       0017A6
__end_ofi2_LCD_String                         text44       0019EE
__end_ofi2_LCD_UpdateMenu                     text43       0012D0
__initialization                              cinit        001A92
__mediumconst                                 smallconst   001000
__pbssBIGRAM                                  bssBIGRAM    00006A
__pbssCOMRAM                                  bssCOMRAM    000038
__pcinit                                      cinit        001A92
__pcstackBANK0                                cstackBANK0  000060
__pcstackCOMRAM                               cstackCOMRAM 000001
__pivt0x8                                     ivt0x8       000008
__pnvCOMRAM                                   nvCOMRAM     000028
__psmallconst                                 smallconst   001000
__ptext0                                      text0        0017A6
__ptext1                                      text1        001CD6
__ptext10                                     text10       001D08
__ptext11                                     text11       001D12
__ptext12                                     text12       001CC4
__ptext13                                     text13       00107C
__ptext14                                     text14       0018FA
__ptext15                                     text15       001B54
__ptext16                                     text16       0016F6
__ptext17                                     text17       001A28
__ptext18                                     text18       001C58
__ptext19                                     text19       001B78
__ptext2                                      text2        001CB2
__ptext20                                     text20       001C20
__ptext21                                     text21       0014F2
__ptext22                                     text22       001976
__ptext23                                     text23       001D1C
__ptext24                                     text24       00183A
__ptext25                                     text25       0017F4
__ptext26                                     text26       001938
__ptext27                                     text27       001AC4
__ptext28                                     text28       001D1E
__ptext29                                     text29       001BC0
__ptext3                                      text3        0018BC
__ptext30                                     text30       00160E
__ptext31                                     text31       0012D0
__ptext32                                     text32       001398
__ptext33                                     text33       001C9E
__ptext34                                     text34       001C72
__ptext35                                     text35       001B9C
__ptext36                                     text36       0019EE
__ptext37                                     text37       001AF4
__ptext38                                     text38       001D20
__ptext39                                     text39       00145A
__ptext4                                      text4        001582
__ptext40                                     text40       001B24
__ptext41                                     text41       001D22
__ptext42                                     text42       001694
__ptext43                                     text43       0011B2
__ptext44                                     text44       0019B2
__ptext45                                     text45       001BE2
__ptext46                                     text46       001750
__ptext47                                     text47       001A5E
__ptext48                                     text48       001C88
__ptext49                                     text49       001C02
__ptext5                                      text5        001CE0
__ptext50                                     text50       001C3C
__ptext6                                      text6        001CEA
__ptext7                                      text7        001CF4
__ptext8                                      text8        00187C
__ptext9                                      text9        001CFE
__ramtop                                      ramtop       001000
__smallconst                                  smallconst   001000
_appliquer_action                             text30       00160E
_etat_courant                                 bssCOMRAM    00003D
_flag_start                                   bssCOMRAM    00003C
_int_BP1                                      text42       001694
_int_BP2                                      text39       00145A
_int_BP3                                      text29       001BC0
_main                                         text0        0017A6
_matrix_tab                                   bssBIGRAM    00006A
_on_leds                                      text31       0012D0
_send_bit                                     text36       0019EE
_send_byte                                    text35       001B9C
_send_color                                   text34       001C72
_send_leds                                    text32       001398
_timer1ReloadVal                              bssCOMRAM    00003A
_ws2812_reset                                 text33       001C9E
end_of_initialization                         cinit        001ABE
i2LCD_Char@data                               cstackCOMRAM 000002
i2LCD_Command@cmd                             cstackCOMRAM 000002
i2LCD_SetCursor@column                        cstackCOMRAM 000003
i2LCD_SetCursor@row                           cstackCOMRAM 000008
i2LCD_SetCursor@row_offsets                   cstackCOMRAM 000004
i2LCD_String@str                              cstackCOMRAM 000003
i2_LCD_Char                                   text45       001BE2
i2_LCD_Clear                                  text48       001C88
i2_LCD_Command                                text49       001C02
i2_LCD_EnablePulse                            text50       001C3C
i2_LCD_Init                                   text47       001A5E
i2_LCD_SetCursor                              text46       001750
i2_LCD_String                                 text44       0019B2
i2_LCD_UpdateMenu                             text43       0011B2
intlevel0                                     text         000000
intlevel1                                     text         000000
intlevel2                                     text         000000
intlevel3                                     text         000000
isa$std                                       (abs)        000001
isa$xinst                                     (abs)        000000
ivt0x8_base                                   ivt0x8       000008
on_leds@b                                     cstackCOMRAM 000016
on_leds@g                                     cstackCOMRAM 000015
on_leds@i                                     cstackCOMRAM 00001C
on_leds@j                                     cstackCOMRAM 00001D
on_leds@r                                     cstackCOMRAM 00001B
send_bit@bit                                  cstackCOMRAM 000001
send_byte@byte                                cstackCOMRAM 000002
send_byte@i                                   cstackCOMRAM 000003
send_color@b                                  cstackCOMRAM 000005
send_color@g                                  cstackCOMRAM 000004
send_color@r                                  cstackCOMRAM 000006
send_leds@i                                   cstackCOMRAM 000013
send_leds@j                                   cstackCOMRAM 000014
stackhi                                       (abs)        000000
stacklo                                       (abs)        000000
start                                         init         00001A
start_initialization                          cinit        001A92


MODULE INFORMATION

Module		Function		Class		Link	Load	Size
LCM_S01604DSF.c
		_LCD_String    		CODE           	18FA	0000	62
		_LCD_Init      		CODE           	1A28	0000	54
		_LCD_Command   		CODE           	1B78	0000	36
		_LCD_SetCursor 		CODE           	16F6	0000	90
		_LCD_EnablePulse		CODE           	1C20	0000	28
		_LCD_Char      		CODE           	1B54	0000	36
		_LCD_Clear     		CODE           	1C58	0000	26

LCM_S01604DSF.c estimated size: 332

mcc_generated_files/timer/src/tmr1.c
		_TMR1_Initialize		CODE           	18BC	0000	62
		_TMR1_OverflowCallbackRegister		CODE           	1CD6	0000	10
		_TMR1_DefaultOverflowCallback		CODE           	1D1C	0000	2
		_TMR1_CounterSet		CODE           	17F4	0000	70
		_TMR1_OverflowISR		CODE           	1976	0000	60

mcc_generated_files/timer/src/tmr1.c estimated size: 204

mcc_generated_files/system/src/interrupt.c
		_INT0_SetInterruptHandler		CODE           	1D12	0000	10
		_INT1_SetInterruptHandler		CODE           	1D08	0000	10
		_INT2_SetInterruptHandler		CODE           	1CFE	0000	10
		_INTERRUPT_Initialize		CODE           	187C	0000	64
		_INTERRUPT_InterruptManager		CODE           	14F2	0000	144

mcc_generated_files/system/src/interrupt.c estimated size: 238

mcc_generated_files/system/src/pins.c
		_PIN_MANAGER_Initialize		CODE           	1582	0000	140
		_BP1_ISR       		CODE           	1B24	0000	48
		_BP2_ISR       		CODE           	1AF4	0000	48
		_BP3_ISR       		CODE           	1AC4	0000	48
		_BP1_DefaultInterruptHandler		CODE           	1D22	0000	2
		_BP2_DefaultInterruptHandler		CODE           	1D20	0000	2
		_BP3_DefaultInterruptHandler		CODE           	1D1E	0000	2
		_PIN_MANAGER_IOC		CODE           	1938	0000	62
		_BP1_SetInterruptHandler		CODE           	1CF4	0000	10
		_BP2_SetInterruptHandler		CODE           	1CEA	0000	10
		_BP3_SetInterruptHandler		CODE           	1CE0	0000	10

mcc_generated_files/system/src/pins.c estimated size: 382

shared
		i2_LCD_Char    		CODE           	1BE2	0000	32
		i2_LCD_Clear   		CODE           	1C88	0000	22
		i2_LCD_String  		CODE           	19B2	0000	60
		i2_LCD_Command 		CODE           	1C02	0000	30
		i2_LCD_Init    		CODE           	1A5E	0000	52
		LCD_SetCursor@F16227		SMALLCONST     	100A	0000	4
		__initialization		CODE           	1A92	0000	44
		_COLORS_TAB    		SMALLCONST     	1001	0000	9
		i2_LCD_UpdateMenu		CODE           	11B2	0000	286
		i2_LCD_SetCursor		CODE           	1750	0000	86
		i2_LCD_EnablePulse		CODE           	1C3C	0000	28

shared estimated size: 653

mcc_generated_files/system/src/clock.c
		_CLOCK_Initialize		CODE           	1CC4	0000	18

mcc_generated_files/system/src/clock.c estimated size: 18

main.c
		_send_bit      		CODE           	19EE	0000	58
		_send_byte     		CODE           	1B9C	0000	36
		_appliquer_action		CODE           	160E	0000	134
		_TMR1_handler  		CODE           	183A	0000	66
		_main          		CODE           	17A6	0000	78
		_int_BP1       		CODE           	1694	0000	98
		_send_color    		CODE           	1C72	0000	22
		_LCD_UpdateMenu		CODE           	107C	0000	310
		_int_BP3       		CODE           	1BC0	0000	34
		_send_leds     		CODE           	1398	0000	194
		_ws2812_reset  		CODE           	1C9E	0000	20
		_on_leds       		CODE           	12D0	0000	200
		_int_BP2       		CODE           	145A	0000	152

main.c estimated size: 1402

mcc_generated_files/system/src/system.c
		_SYSTEM_Initialize		CODE           	1CB2	0000	18

mcc_generated_files/system/src/system.c estimated size: 18

