Microchip MPLAB XC8 Compiler V3.00

Linker command line:

-W-3 \
  --edf=C:/Program Files/Microchip/MPLABX/v6.25/packs/Microchip/PIC18F-K_DFP/1.14.301/xc8\pic\dat\20241213203129_en.msgs \
  -pivt0x8=08h -cn -h+dist/default/production\STI3958.X.production.sym \
  --cmf=dist/default/production\STI3958.X.production.cmf -z -Q18F26K42 \
  -oC:\Users\maserne.SSE\AppData\Local\Temp\xcAs78o.\driver_tmp_3.o \
  --defsym=__MPLAB_BUILD=1 --fixupoverflow=error \
  -Mdist/default/production/STI3958.X.production.map \
  --md=C:\Users\maserne.SSE\AppData\Local\Temp\xcAs78o.\driver_tmp_0.dat \
  -E1 -ver=XC8 Compiler -ACODE=00h-0FFFFh -ACONST=00h-0FFFFh \
  -ASMALLCONST=01000h-010FFhx240 -AMEDIUMCONST=01000h-0FFFFh \
  -ACOMRAM=01h-05Fh -AABS1=00h-0FFFh -ABIGRAM=01h-0FFFh \
  -ARAM=060h-0FFh,0100h-01FFhx15 -ABANK0=060h-0FFh -ABANK1=0100h-01FFh \
  -ABANK2=0200h-02FFh -ABANK3=0300h-03FFh -ABANK4=0400h-04FFh \
  -ABANK5=0500h-05FFh -ABANK6=0600h-06FFh -ABANK7=0700h-07FFh \
  -ABANK8=0800h-08FFh -ABANK9=0900h-09FFh -ABANK10=0A00h-0AFFh \
  -ABANK11=0B00h-0BFFh -ABANK12=0C00h-0CFFh -ABANK13=0D00h-0DFFh \
  -ABANK14=0E00h-0EFFh -ABANK15=0F00h-0FFFh \
  -ASFR=03800h-038FFhx7,03F00h-03F5Fh,03F60h-03FFFh -ABIGSFR=03800h-03FFFh \
  -ACONFIG=0300000h-0300009h -AIDLOC=0200000h-020000Fh \
  -AEEDATA=0310000h-03103FFh -peeprom_data=EEDATA -preset_vec=00h \
  -ppowerup=CODE,init -pramtop=01000h -psmallconst=SMALLCONST \
  -pmediumconst=MEDIUMCONST -pconst=CONST -AFARRAM=00h-00h \
  -prdata=COMRAM,nvrram=COMRAM,nvbit=COMRAM,rbss=COMRAM,rbit=COMRAM \
  -pfarbss=FARRAM,fardata=FARRAM,nvFARRAM=FARRAM \
  -pintsave_regs=BIGRAM,bigbss=BIGRAM,bigdata=BIGRAM -pbss=RAM \
  -pidata=CODE,irdata=CODE,ibigdata=CODE,ifardata=CODE -prparam=COMRAM \
  C:\Users\maserne.SSE\AppData\Local\Temp\xcAs78o.\driver_tmp_9.o \
  dist/default/production\STI3958.X.production.o 

Object code version is 3.11

Machine type is 18F26K42



                Name                               Link     Load   Length Selector   Space Scale
C:\Users\maserne.SSE\AppData\Local\Temp\xcAs78o.\driver_tmp_9.o
                config                           300000   300000        A        0       4
                init                                 1A       1A        4        4       0
                reset_vec                             0        0        4        0       0
dist/default/production\STI3958.X.production.o
                config                           300000   300000        A        0       4
                smallconst                         1000     1000        2      800       0
                ivt0x8                                8        8       12        4       0
                text8                              108C     108C       46      801       0
                text7                              11F6     11F6        2      801       0
                text6                              10D2     10D2       3E      801       0
                text5                              1110     1110       3C      801       0
                text4                              114C     114C       3A      801       0
                text3                              1186     1186       24      801       0
                text2                              11CC     11CC       16      801       0
                text1                              11E2     11E2       14      801       0
                text0                              1002     1002       8A      801       0
                cstackCOMRAM                          1        1        D        1       1
                bssCOMRAM                             E        E        C        1       1
                cinit                              11AA     11AA       22      801       0

TOTAL           Name                               Link     Load   Length     Space
        CLASS   CODE           
                init                                 1A       1A        4         0
                reset_vec                             0        0        4         0
                ivt0x8                                8        8       12         0
                text8                              108C     108C       46         0
                text7                              11F6     11F6        2         0
                text6                              10D2     10D2       3E         0
                text5                              1110     1110       3C         0
                text4                              114C     114C       3A         0
                text3                              1186     1186       24         0
                text2                              11CC     11CC       16         0
                text1                              11E2     11E2       14         0
                text0                              1002     1002       8A         0
                cinit                              11AA     11AA       22         0

        CLASS   CONST          

        CLASS   SMALLCONST     
                smallconst                         1000     1000        2         0

        CLASS   MEDIUMCONST    

        CLASS   COMRAM         
                cstackCOMRAM                          1        1        D         1
                bssCOMRAM                             E        E        C         1

        CLASS   ABS1           

        CLASS   BIGRAM         

        CLASS   RAM            

        CLASS   BANK0          

        CLASS   BANK1          

        CLASS   BANK2          

        CLASS   BANK3          

        CLASS   BANK4          

        CLASS   BANK5          

        CLASS   BANK6          

        CLASS   BANK7          

        CLASS   BANK8          

        CLASS   BANK9          

        CLASS   BANK10         

        CLASS   BANK11         

        CLASS   BANK12         

        CLASS   BANK13         

        CLASS   BANK14         

        CLASS   BANK15         

        CLASS   SFR            

        CLASS   BIGSFR         

        CLASS   CONFIG         
                config                           300000   300000        A         4

        CLASS   IDLOC          

        CLASS   EEDATA         

        CLASS   FARRAM         

        CLASS   HEAP           

        CLASS   STACK          



SEGMENTS        Name                           Load    Length   Top    Selector   Space  Class

                reset_vec                      000000  000004  000004         0       0  CODE    
                cstackCOMRAM                   000001  000019  00001A         1       1  COMRAM  
                ivt0x8                         000008  000016  00001E         4       0  CODE    
                smallconst                     001000  000002  001002       800       0  SMALLCON
                text0                          001002  0001F6  0011F8       801       0  CODE    


UNUSED ADDRESS RANGES

        Name                Unused          Largest block    Delta
        BANK0            000060-0000FF               A0
        BANK1            000100-0001FF              100
        BANK10           000A00-000AFF              100
        BANK11           000B00-000BFF              100
        BANK12           000C00-000CFF              100
        BANK13           000D00-000DFF              100
        BANK14           000E00-000EFF              100
        BANK15           000F00-000FFF              100
        BANK2            000200-0002FF              100
        BANK3            000300-0003FF              100
        BANK4            000400-0004FF              100
        BANK5            000500-0005FF              100
        BANK6            000600-0006FF              100
        BANK7            000700-0007FF              100
        BANK8            000800-0008FF              100
        BANK9            000900-0009FF              100
        BIGRAM           00001A-000FFF              FE6
        BIGSFR           003800-003FFF              800
        CODE             000004-000007                4
                         00001E-000FFF              FE2
                         0011F8-00FFFF             EE08
        COMRAM           00001A-00005F               46
        CONST            000004-000007                4
                         00001E-000FFF              FE2
                         0011F8-00FFFF             EE08
        EEDATA           310000-3103FF              400
        IDLOC            200000-20000F               10
        MEDIUMCONST      0011F8-00FFFF             EE08
        RAM              000060-000FFF              100
        SFR              003800-003FFF              100
        SMALLCONST       0011F8-00FFFF              100

                                  Symbol Table

IVTBASEH                              (abs)        003FD6
IVTBASEL                              (abs)        003FD5
IVTBASEU                              (abs)        003FD7
TMR1_CounterSet@onState               cstackCOMRAM 000003
TMR1_CounterSet@timerVal              cstackCOMRAM 000001
_ANSELA                               (abs)        003A40
_ANSELB                               (abs)        003A50
_ANSELC                               (abs)        003A60
_INLVLA                               (abs)        003A44
_INLVLB                               (abs)        003A54
_INLVLC                               (abs)        003A64
_INLVLE                               (abs)        003A84
_INT0_DefaultInterruptHandler         (abs)        000000
_INT0_InterruptHandler                bssCOMRAM    000018
_INT1_DefaultInterruptHandler         (abs)        000000
_INT1_InterruptHandler                bssCOMRAM    000016
_INT2_DefaultInterruptHandler         (abs)        000000
_INT2_InterruptHandler                bssCOMRAM    000014
_INTCON0bits                          (abs)        003FD2
_INTERRUPT_InterruptManager           text5        001110
_IOCAF                                (abs)        003A47
_IOCAN                                (abs)        003A46
_IOCAP                                (abs)        003A45
_IOCBF                                (abs)        003A57
_IOCBN                                (abs)        003A56
_IOCBP                                (abs)        003A55
_IOCCF                                (abs)        003A67
_IOCCN                                (abs)        003A66
_IOCCP                                (abs)        003A65
_IOCEF                                (abs)        003A87
_IOCEN                                (abs)        003A86
_IOCEP                                (abs)        003A85
_LATA                                 (abs)        003FBA
_LATB                                 (abs)        003FBB
_LATBbits                             (abs)        003FBB
_LATC                                 (abs)        003FBC
_ODCONA                               (abs)        003A42
_ODCONB                               (abs)        003A52
_ODCONC                               (abs)        003A62
_OSCCON1                              (abs)        0039D9
_OSCCON3                              (abs)        0039DB
_OSCEN                                (abs)        0039DD
_OSCFRQ                               (abs)        0039DF
_OSCTUNE                              (abs)        0039DE
_PIE4bits                             (abs)        003994
_PIR1bits                             (abs)        0039A1
_PIR4bits                             (abs)        0039A4
_PIR5bits                             (abs)        0039A5
_PIR7bits                             (abs)        0039A7
_RB1I2C                               (abs)        003A5A
_RB2I2C                               (abs)        003A5B
_RC3I2C                               (abs)        003A6A
_RC4I2C                               (abs)        003A6B
_SLRCONA                              (abs)        003A43
_SLRCONB                              (abs)        003A53
_SLRCONC                              (abs)        003A63
_T1CLK                                (abs)        003FB5
_T1CON                                (abs)        003FB2
_T1CONbits                            (abs)        003FB2
_T1GATE                               (abs)        003FB4
_T1GCON                               (abs)        003FB3
_T1GCONbits                           (abs)        003FB3
_TMR1H                                (abs)        003FB1
_TMR1L                                (abs)        003FB0
_TMR1_CounterSet                      text8        00108C
_TMR1_DefaultGateCallback             (abs)        000000
_TMR1_DefaultOverflowCallback         text7        0011F6
_TMR1_GateCallback                    bssCOMRAM    00000E
_TMR1_OverflowCallback                bssCOMRAM    000010
_TMR1_OverflowISR                     text6        0010D2
_TRISA                                (abs)        003FC2
_TRISB                                (abs)        003FC3
_TRISBbits                            (abs)        003FC3
_TRISC                                (abs)        003FC4
_WPUA                                 (abs)        003A41
_WPUB                                 (abs)        003A51
_WPUC                                 (abs)        003A61
_WPUE                                 (abs)        003A81
__HRAM                                (abs)        000000
__H__absolute__                       __absolute__ 000000
__Habs1                               abs1         000000
__Hbank0                              bank0        000000
__Hbank1                              bank1        000000
__Hbank10                             bank10       000000
__Hbank11                             bank11       000000
__Hbank12                             bank12       000000
__Hbank13                             bank13       000000
__Hbank14                             bank14       000000
__Hbank15                             bank15       000000
__Hbank2                              bank2        000000
__Hbank3                              bank3        000000
__Hbank4                              bank4        000000
__Hbank5                              bank5        000000
__Hbank6                              bank6        000000
__Hbank7                              bank7        000000
__Hbank8                              bank8        000000
__Hbank9                              bank9        000000
__Hbigbss                             bigbss       000000
__Hbigdata                            bigdata      000000
__Hbigram                             bigram       000000
__Hbigsfr                             bigsfr       000000
__Hbss                                bss          000000
__HbssCOMRAM                          bssCOMRAM    000000
__Hcinit                              cinit        000000
__Hclrtext                            clrtext      000000
__Hcomram                             comram       000000
__Hconfig                             config       30000A
__Hconst                              const        000000
__HcstackCOMRAM                       cstackCOMRAM 000000
__Hdata                               data         000000
__Heeprom_data                        eeprom_data  000000
__Hfarbss                             farbss       000000
__Hfardata                            fardata      000000
__Hheap                               heap         000000
__Hibigdata                           ibigdata     000000
__Hidata                              idata        000000
__Hidloc                              idloc        000000
__Hifardata                           ifardata     000000
__Hinit                               init         00001E
__Hintsave_regs                       intsave_regs 000000
__Hirdata                             irdata       000000
__Hivt0x8                             ivt0x8       00001A
__Hmediumconst                        mediumconst  000000
__HnvFARRAM                           nvFARRAM     000000
__Hnvbit                              nvbit        000000
__Hnvrram                             nvrram       000000
__Hparam                              rparam       000000
__Hpowerup                            powerup      000000
__Hram                                ram          000000
__Hramtop                             ramtop       001000
__Hrbit                               rbit         000000
__Hrbss                               rbss         000000
__Hrdata                              rdata        000000
__Hreset_vec                          reset_vec    000004
__Hrparam                             rparam       000000
__Hsfr                                sfr          000000
__Hsmallconst                         smallconst   001002
__Hspace_0                            (abs)        0011F8
__Hspace_1                            (abs)        00001A
__Hspace_2                            (abs)        000000
__Hspace_4                            (abs)        60000A
__Hstack                              stack        000000
__Hstruct                             struct       000000
__Htemp                               temp         000000
__Htext                               text         000000
__Htext0                              text0        000000
__Htext1                              text1        000000
__Htext2                              text2        000000
__Htext3                              text3        000000
__Htext4                              text4        000000
__Htext5                              text5        000000
__Htext6                              text6        000000
__Htext7                              text7        000000
__Htext8                              text8        000000
__LRAM                                (abs)        000001
__L__absolute__                       __absolute__ 000000
__Labs1                               abs1         000000
__Lbank0                              bank0        000000
__Lbank1                              bank1        000000
__Lbank10                             bank10       000000
__Lbank11                             bank11       000000
__Lbank12                             bank12       000000
__Lbank13                             bank13       000000
__Lbank14                             bank14       000000
__Lbank15                             bank15       000000
__Lbank2                              bank2        000000
__Lbank3                              bank3        000000
__Lbank4                              bank4        000000
__Lbank5                              bank5        000000
__Lbank6                              bank6        000000
__Lbank7                              bank7        000000
__Lbank8                              bank8        000000
__Lbank9                              bank9        000000
__Lbigbss                             bigbss       000000
__Lbigdata                            bigdata      000000
__Lbigram                             bigram       000000
__Lbigsfr                             bigsfr       000000
__Lbss                                bss          000000
__LbssCOMRAM                          bssCOMRAM    000000
__Lcinit                              cinit        000000
__Lclrtext                            clrtext      000000
__Lcomram                             comram       000000
__Lconfig                             config       000000
__Lconst                              const        000000
__LcstackCOMRAM                       cstackCOMRAM 000000
__Ldata                               data         000000
__Leeprom_data                        eeprom_data  000000
__Lfarbss                             farbss       000000
__Lfardata                            fardata      000000
__Lheap                               heap         000000
__Libigdata                           ibigdata     000000
__Lidata                              idata        000000
__Lidloc                              idloc        000000
__Lifardata                           ifardata     000000
__Linit                               init         00001A
__Lintsave_regs                       intsave_regs 000000
__Lirdata                             irdata       000000
__Livt0x8                             ivt0x8       000008
__Lmediumconst                        mediumconst  000000
__LnvFARRAM                           nvFARRAM     000000
__Lnvbit                              nvbit        000000
__Lnvrram                             nvrram       000000
__Lparam                              rparam       000000
__Lpowerup                            powerup      000000
__Lram                                ram          000000
__Lramtop                             ramtop       001000
__Lrbit                               rbit         000000
__Lrbss                               rbss         000000
__Lrdata                              rdata        000000
__Lreset_vec                          reset_vec    000000
__Lrparam                             rparam       000000
__Lsfr                                sfr          000000
__Lsmallconst                         smallconst   001000
__Lspace_0                            (abs)        000000
__Lspace_1                            (abs)        000000
__Lspace_2                            (abs)        000000
__Lspace_4                            (abs)        000000
__Lstack                              stack        000000
__Lstruct                             struct       000000
__Ltemp                               temp         000000
__Ltext                               text         000000
__Ltext0                              text0        000000
__Ltext1                              text1        000000
__Ltext2                              text2        000000
__Ltext3                              text3        000000
__Ltext4                              text4        000000
__Ltext5                              text5        000000
__Ltext6                              text6        000000
__Ltext7                              text7        000000
__Ltext8                              text8        000000
__S0                                  (abs)        0011F8
__S1                                  (abs)        00001A
__S4                                  (abs)        000000
__S5                                  (abs)        000000
___heap_hi                            (abs)        000000
___heap_lo                            (abs)        000000
___inthi_sp                           stack        000000
___inthi_stack_hi                     stack        000000
___inthi_stack_lo                     stack        000000
___intlo_sp                           stack        000000
___intlo_stack_hi                     stack        000000
___intlo_stack_lo                     stack        000000
___param_bank                         (abs)        000000
___rparam_used                        (abs)        000001
___sp                                 stack        000000
___stack_hi                           stack        000000
___stack_lo                           stack        000000
__accesstop                           (abs)        000060
__activetblptr                        (abs)        000002
__end_of_INTERRUPT_InterruptManager   text5        00114C
__end_of_TMR1_CounterSet              text8        0010D2
__end_of_TMR1_DefaultOverflowCallback text7        0011F8
__end_of_TMR1_OverflowISR             text6        001110
__end_of__initialization              cinit        0011C2
__end_of_main                         text0        00108C
__end_of_send_bit                     text4        001186
__end_of_send_byte                    text3        0011AA
__end_of_send_color                   text2        0011E2
__end_of_ws2812_reset                 text1        0011F6
__initialization                      cinit        0011AA
__mediumconst                         smallconst   001000
__pbssCOMRAM                          bssCOMRAM    00000E
__pcinit                              cinit        0011AA
__pcstackCOMRAM                       cstackCOMRAM 000001
__pivt0x8                             ivt0x8       000008
__psmallconst                         smallconst   001000
__ptext0                              text0        001002
__ptext1                              text1        0011E2
__ptext2                              text2        0011CC
__ptext3                              text3        001186
__ptext4                              text4        00114C
__ptext5                              text5        001110
__ptext6                              text6        0010D2
__ptext7                              text7        0011F6
__ptext8                              text8        00108C
__ramtop                              ramtop       001000
__smallconst                          smallconst   001000
_main                                 text0        001002
_send_bit                             text4        00114C
_send_byte                            text3        001186
_send_color                           text2        0011CC
_timer1ReloadVal                      bssCOMRAM    000012
_ws2812_reset                         text1        0011E2
end_of_initialization                 cinit        0011C2
intlevel0                             text         000000
intlevel1                             text         000000
intlevel2                             text         000000
intlevel3                             text         000000
isa$std                               (abs)        000001
isa$xinst                             (abs)        000000
ivt0x8_base                           ivt0x8       000008
send_bit@bit                          cstackCOMRAM 000006
send_byte@byte                        cstackCOMRAM 000007
send_byte@i                           cstackCOMRAM 000008
send_color@b                          cstackCOMRAM 00000A
send_color@g                          cstackCOMRAM 000009
send_color@r                          cstackCOMRAM 00000B
stackhi                               (abs)        000000
stacklo                               (abs)        000000
start                                 init         00001A
start_initialization                  cinit        0011AA


MODULE INFORMATION

Module		Function		Class		Link	Load	Size
mcc_generated_files/timer/src/tmr1.c
		_TMR1_DefaultOverflowCallback		CODE           	11F6	0000	2
		_TMR1_CounterSet		CODE           	108C	0000	70
		_TMR1_OverflowISR		CODE           	10D2	0000	62

mcc_generated_files/timer/src/tmr1.c estimated size: 134

mcc_generated_files/system/src/interrupt.c
		_INTERRUPT_InterruptManager		CODE           	1110	0000	60

mcc_generated_files/system/src/interrupt.c estimated size: 60

shared
		__initialization		CODE           	11AA	0000	24

shared estimated size: 24

main.c
		_send_bit      		CODE           	114C	0000	58
		_send_byte     		CODE           	1186	0000	36
		_main          		CODE           	1002	0000	138
		_send_color    		CODE           	11CC	0000	22
		_ws2812_reset  		CODE           	11E2	0000	20

main.c estimated size: 274

